Archive member included to satisfy reference by file (symbol)

/Applications/STM32CubeIDE.app/Contents/Eclipse/plugins/com.st.stm32cube.ide.mcu.externaltools.gnu-tools-for-stm32.13.3.rel1.macos64_1.0.0.202411102158/tools/bin/../lib/gcc/arm-none-eabi/13.3.1/../../../../arm-none-eabi/lib/thumb/v8-m.main+fp/hard/libc_nano.a(libc_a-exit.o)
                              /Applications/STM32CubeIDE.app/Contents/Eclipse/plugins/com.st.stm32cube.ide.mcu.externaltools.gnu-tools-for-stm32.13.3.rel1.macos64_1.0.0.202411102158/tools/bin/../lib/gcc/arm-none-eabi/13.3.1/../../../../arm-none-eabi/lib/thumb/v8-m.main+fp/hard/crt0.o (exit)
/Applications/STM32CubeIDE.app/Contents/Eclipse/plugins/com.st.stm32cube.ide.mcu.externaltools.gnu-tools-for-stm32.13.3.rel1.macos64_1.0.0.202411102158/tools/bin/../lib/gcc/arm-none-eabi/13.3.1/../../../../arm-none-eabi/lib/thumb/v8-m.main+fp/hard/libc_nano.a(libc_a-nano-vfprintf_float.o)
                              (_printf_float)
/Applications/STM32CubeIDE.app/Contents/Eclipse/plugins/com.st.stm32cube.ide.mcu.externaltools.gnu-tools-for-stm32.13.3.rel1.macos64_1.0.0.202411102158/tools/bin/../lib/gcc/arm-none-eabi/13.3.1/../../../../arm-none-eabi/lib/thumb/v8-m.main+fp/hard/libc_nano.a(libc_a-nano-vfprintf_i.o)
                              /Applications/STM32CubeIDE.app/Contents/Eclipse/plugins/com.st.stm32cube.ide.mcu.externaltools.gnu-tools-for-stm32.13.3.rel1.macos64_1.0.0.202411102158/tools/bin/../lib/gcc/arm-none-eabi/13.3.1/../../../../arm-none-eabi/lib/thumb/v8-m.main+fp/hard/libc_nano.a(libc_a-nano-vfprintf_float.o) (_printf_common)
/Applications/STM32CubeIDE.app/Contents/Eclipse/plugins/com.st.stm32cube.ide.mcu.externaltools.gnu-tools-for-stm32.13.3.rel1.macos64_1.0.0.202411102158/tools/bin/../lib/gcc/arm-none-eabi/13.3.1/../../../../arm-none-eabi/lib/thumb/v8-m.main+fp/hard/libc_nano.a(libc_a-nano-vfscanf_float.o)
                              (_scanf_float)
/Applications/STM32CubeIDE.app/Contents/Eclipse/plugins/com.st.stm32cube.ide.mcu.externaltools.gnu-tools-for-stm32.13.3.rel1.macos64_1.0.0.202411102158/tools/bin/../lib/gcc/arm-none-eabi/13.3.1/../../../../arm-none-eabi/lib/thumb/v8-m.main+fp/hard/libc_nano.a(libc_a-snprintf.o)
                              ./Core/Src/main.o (snprintf)
/Applications/STM32CubeIDE.app/Contents/Eclipse/plugins/com.st.stm32cube.ide.mcu.externaltools.gnu-tools-for-stm32.13.3.rel1.macos64_1.0.0.202411102158/tools/bin/../lib/gcc/arm-none-eabi/13.3.1/../../../../arm-none-eabi/lib/thumb/v8-m.main+fp/hard/libc_nano.a(libc_a-sprintf.o)
                              /Applications/STM32CubeIDE.app/Contents/Eclipse/plugins/com.st.stm32cube.ide.mcu.externaltools.gnu-tools-for-stm32.13.3.rel1.macos64_1.0.0.202411102158/tools/bin/../lib/gcc/arm-none-eabi/13.3.1/../../../../arm-none-eabi/lib/thumb/v8-m.main+fp/hard/libc_nano.a(libc_a-nano-vfscanf_float.o) (sprintf)
/Applications/STM32CubeIDE.app/Contents/Eclipse/plugins/com.st.stm32cube.ide.mcu.externaltools.gnu-tools-for-stm32.13.3.rel1.macos64_1.0.0.202411102158/tools/bin/../lib/gcc/arm-none-eabi/13.3.1/../../../../arm-none-eabi/lib/thumb/v8-m.main+fp/hard/libc_nano.a(libc_a-findfp.o)
                              /Applications/STM32CubeIDE.app/Contents/Eclipse/plugins/com.st.stm32cube.ide.mcu.externaltools.gnu-tools-for-stm32.13.3.rel1.macos64_1.0.0.202411102158/tools/bin/../lib/gcc/arm-none-eabi/13.3.1/../../../../arm-none-eabi/lib/thumb/v8-m.main+fp/hard/libc_nano.a(libc_a-exit.o) (__stdio_exit_handler)
/Applications/STM32CubeIDE.app/Contents/Eclipse/plugins/com.st.stm32cube.ide.mcu.externaltools.gnu-tools-for-stm32.13.3.rel1.macos64_1.0.0.202411102158/tools/bin/../lib/gcc/arm-none-eabi/13.3.1/../../../../arm-none-eabi/lib/thumb/v8-m.main+fp/hard/libc_nano.a(libc_a-strtod.o)
                              /Applications/STM32CubeIDE.app/Contents/Eclipse/plugins/com.st.stm32cube.ide.mcu.externaltools.gnu-tools-for-stm32.13.3.rel1.macos64_1.0.0.202411102158/tools/bin/../lib/gcc/arm-none-eabi/13.3.1/../../../../arm-none-eabi/lib/thumb/v8-m.main+fp/hard/libc_nano.a(libc_a-nano-vfscanf_float.o) (_strtod_r)
/Applications/STM32CubeIDE.app/Contents/Eclipse/plugins/com.st.stm32cube.ide.mcu.externaltools.gnu-tools-for-stm32.13.3.rel1.macos64_1.0.0.202411102158/tools/bin/../lib/gcc/arm-none-eabi/13.3.1/../../../../arm-none-eabi/lib/thumb/v8-m.main+fp/hard/libc_nano.a(libc_a-strtol.o)
                              /Applications/STM32CubeIDE.app/Contents/Eclipse/plugins/com.st.stm32cube.ide.mcu.externaltools.gnu-tools-for-stm32.13.3.rel1.macos64_1.0.0.202411102158/tools/bin/../lib/gcc/arm-none-eabi/13.3.1/../../../../arm-none-eabi/lib/thumb/v8-m.main+fp/hard/libc_nano.a(libc_a-nano-vfscanf_float.o) (_strtol_r)
/Applications/STM32CubeIDE.app/Contents/Eclipse/plugins/com.st.stm32cube.ide.mcu.externaltools.gnu-tools-for-stm32.13.3.rel1.macos64_1.0.0.202411102158/tools/bin/../lib/gcc/arm-none-eabi/13.3.1/../../../../arm-none-eabi/lib/thumb/v8-m.main+fp/hard/libc_nano.a(libc_a-fwalk.o)
[...]
Memory Configuration

Name             Origin             Length             Attributes
RAM              0x20000000         0x00270000         xrw
SRAM4            0x28000000         0x00004000         xrw
FLASH            0x08000000         0x00400000         xr
*default*        0x00000000         0xffffffff

Linker script and memory map

LOAD /Applications/STM32CubeIDE.app/Contents/Eclipse/plugins/com.st.stm32cube.ide.mcu.externaltools.gnu-tools-for-stm32.13.3.rel1.macos64_1.0.0.202411102158/tools/bin/../lib/gcc/arm-none-eabi/13.3.1/thumb/v8-m.main+fp/hard/crti.o
LOAD /Applications/STM32CubeIDE.app/Contents/Eclipse/plugins/com.st.stm32cube.ide.mcu.externaltools.gnu-tools-for-stm32.13.3.rel1.macos64_1.0.0.202411102158/tools/bin/../lib/gcc/arm-none-eabi/13.3.1/thumb/v8-m.main+fp/hard/crtbegin.o
LOAD /Applications/STM32CubeIDE.app/Contents/Eclipse/plugins/com.st.stm32cube.ide.mcu.externaltools.gnu-tools-for-stm32.13.3.rel1.macos64_1.0.0.202411102158/tools/bin/../lib/gcc/arm-none-eabi/13.3.1/../../../../arm-none-eabi/lib/thumb/v8-m.main+fp/hard/crt0.o
LOAD ./Core/Src/FusionAhrs.o
LOAD ./Core/Src/FusionCompass.o
LOAD ./Core/Src/FusionOffset.o
LOAD ./Core/Src/adxl362_hal.o
LOAD ./Core/Src/lis2dw12_reg.o
LOAD ./Core/Src/lsm6dsox_reg.o
LOAD ./Core/Src/lsm6dsv_reg.o
LOAD ./Core/Src/main.o
LOAD ./Core/Src/stm32u5xx_hal_msp.o
LOAD ./Core/Src/stm32u5xx_it.o
LOAD ./Core/Src/syscalls.o
LOAD ./Core/Src/sysmem.o
LOAD ./Core/Src/system_stm32u5xx.o
LOAD ./Core/Startup/startup_stm32u5a5zjtxq.o
LOAD ./Drivers/BSP/STM32U5xx_Nucleo/stm32u5xx_nucleo.o
LOAD ./Drivers/STM32U5xx_HAL_Driver/Src/stm32u5xx_hal.o
LOAD ./Drivers/STM32U5xx_HAL_Driver/Src/stm32u5xx_hal_cortex.o
LOAD ./Drivers/STM32U5xx_HAL_Driver/Src/stm32u5xx_hal_dma.o
LOAD ./Drivers/STM32U5xx_HAL_Driver/Src/stm32u5xx_hal_dma_ex.o
LOAD ./Drivers/STM32U5xx_HAL_Driver/Src/stm32u5xx_hal_exti.o
LOAD ./Drivers/STM32U5xx_HAL_Driver/Src/stm32u5xx_hal_flash.o
LOAD ./Drivers/STM32U5xx_HAL_Driver/Src/stm32u5xx_hal_flash_ex.o
LOAD ./Drivers/STM32U5xx_HAL_Driver/Src/stm32u5xx_hal_gpio.o
LOAD ./Drivers/STM32U5xx_HAL_Driver/Src/stm32u5xx_hal_gtzc.o
LOAD ./Drivers/STM32U5xx_HAL_Driver/Src/stm32u5xx_hal_i2c.o
LOAD ./Drivers/STM32U5xx_HAL_Driver/Src/stm32u5xx_hal_i2c_ex.o
LOAD ./Drivers/STM32U5xx_HAL_Driver/Src/stm32u5xx_hal_icache.o
LOAD ./Drivers/STM32U5xx_HAL_Driver/Src/stm32u5xx_hal_pwr.o
LOAD ./Drivers/STM32U5xx_HAL_Driver/Src/stm32u5xx_hal_pwr_ex.o
LOAD ./Drivers/STM32U5xx_HAL_Driver/Src/stm32u5xx_hal_rcc.o
LOAD ./Drivers/STM32U5xx_HAL_Driver/Src/stm32u5xx_hal_rcc_ex.o
LOAD ./Drivers/STM32U5xx_HAL_Driver/Src/stm32u5xx_hal_spi.o
LOAD ./Drivers/STM32U5xx_HAL_Driver/Src/stm32u5xx_hal_spi_ex.o
LOAD ./Drivers/STM32U5xx_HAL_Driver/Src/stm32u5xx_hal_tim.o
LOAD ./Drivers/STM32U5xx_HAL_Driver/Src/stm32u5xx_hal_tim_ex.o
LOAD ./Drivers/STM32U5xx_HAL_Driver/Src/stm32u5xx_hal_uart.o
LOAD ./Drivers/STM32U5xx_HAL_Driver/Src/stm32u5xx_hal_uart_ex.o
LOAD ./Drivers/STM32U5xx_HAL_Driver/Src/stm32u5xx_hal_usart.o
LOAD ./Drivers/STM32U5xx_HAL_Driver/Src/stm32u5xx_hal_usart_ex.o
START GROUP
LOAD /Applications/STM32CubeIDE.app/Contents/Eclipse/plugins/com.st.stm32cube.ide.mcu.externaltools.gnu-tools-for-stm32.13.3.rel1.macos64_1.0.0.202411102158/tools/bin/../lib/gcc/arm-none-eabi/13.3.1/../../../../arm-none-eabi/lib/thumb/v8-m.main+fp/hard/libc_nano.a
LOAD /Applications/STM32CubeIDE.app/Contents/Eclipse/plugins/com.st.stm32cube.ide.mcu.externaltools.gnu-tools-for-stm32.13.3.rel1.macos64_1.0.0.202411102158/tools/bin/../lib/gcc/arm-none-eabi/13.3.1/../../../../arm-none-eabi/lib/thumb/v8-m.main+fp/hard/libm.a
END GROUP
START GROUP
LOAD /Applications/STM32CubeIDE.app/Contents/Eclipse/plugins/com.st.stm32cube.ide.mcu.externaltools.gnu-tools-for-stm32.13.3.rel1.macos64_1.0.0.202411102158/tools/bin/../lib/gcc/arm-none-eabi/13.3.1/thumb/v8-m.main+fp/hard/libgcc.a
LOAD /Applications/STM32CubeIDE.app/Contents/Eclipse/plugins/com.st.stm32cube.ide.mcu.externaltools.gnu-tools-for-stm32.13.3.rel1.macos64_1.0.0.202411102158/tools/bin/../lib/gcc/arm-none-eabi/13.3.1/../../../../arm-none-eabi/lib/thumb/v8-m.main+fp/hard/libc_nano.a
END GROUP
START GROUP
LOAD /Applications/STM32CubeIDE.app/Contents/Eclipse/plugins/com.st.stm32cube.ide.mcu.externaltools.gnu-tools-for-stm32.13.3.rel1.macos64_1.0.0.202411102158/tools/bin/../lib/gcc/arm-none-eabi/13.3.1/thumb/v8-m.main+fp/hard/libgcc.a
LOAD /Applications/STM32CubeIDE.app/Contents/Eclipse/plugins/com.st.stm32cube.ide.mcu.externaltools.gnu-tools-for-stm32.13.3.rel1.macos64_1.0.0.202411102158/tools/bin/../lib/gcc/arm-none-eabi/13.3.1/../../../../arm-none-eabi/lib/thumb/v8-m.main+fp/hard/libc_nano.a
LOAD /Applications/STM32CubeIDE.app/Contents/Eclipse/plugins/com.st.stm32cube.ide.mcu.externaltools.gnu-tools-for-stm32.13.3.rel1.macos64_1.0.0.202411102158/tools/bin/../lib/gcc/arm-none-eabi/13.3.1/../../../../arm-none-eabi/lib/thumb/v8-m.main+fp/hard/libnosys.a
END GROUP
START GROUP
LOAD /Applications/STM32CubeIDE.app/Contents/Eclipse/plugins/com.st.stm32cube.ide.mcu.externaltools.gnu-tools-for-stm32.13.3.rel1.macos64_1.0.0.202411102158/tools/bin/../lib/gcc/arm-none-eabi/13.3.1/thumb/v8-m.main+fp/hard/libgcc.a
LOAD /Applications/STM32CubeIDE.app/Contents/Eclipse/plugins/com.st.stm32cube.ide.mcu.externaltools.gnu-tools-for-stm32.13.3.rel1.macos64_1.0.0.202411102158/tools/bin/../lib/gcc/arm-none-eabi/13.3.1/../../../../arm-none-eabi/lib/thumb/v8-m.main+fp/hard/libc_nano.a
LOAD /Applications/STM32CubeIDE.app/Contents/Eclipse/plugins/com.st.stm32cube.ide.mcu.externaltools.gnu-tools-for-stm32.13.3.rel1.macos64_1.0.0.202411102158/tools/bin/../lib/gcc/arm-none-eabi/13.3.1/../../../../arm-none-eabi/lib/thumb/v8-m.main+fp/hard/libnosys.a
END GROUP
LOAD /Applications/STM32CubeIDE.app/Contents/Eclipse/plugins/com.st.stm32cube.ide.mcu.externaltools.gnu-tools-for-stm32.13.3.rel1.macos64_1.0.0.202411102158/tools/bin/../lib/gcc/arm-none-eabi/13.3.1/thumb/v8-m.main+fp/hard/crtend.o
LOAD /Applications/STM32CubeIDE.app/Contents/Eclipse/plugins/com.st.stm32cube.ide.mcu.externaltools.gnu-tools-for-stm32.13.3.rel1.macos64_1.0.0.202411102158/tools/bin/../lib/gcc/arm-none-eabi/13.3.1/thumb/v8-m.main+fp/hard/crtn.o
                0x20270000                        _estack = (ORIGIN (RAM) + LENGTH (RAM))
                0x00000200                        _Min_Heap_Size = 0x200
                0x00000400                        _Min_Stack_Size = 0x400

.isr_vector     0x08000000      0x250
 *(.isr_vector)
 .isr_vector    0x08000000      0x250 ./Core/Startup/startup_stm32u5a5zjtxq.o
                0x08000000                g_pfnVectors

.text           0x08000250    0x134f4
 *(.text)
 .text          0x08000250       0x40 /Applications/STM32CubeIDE.app/Contents/Eclipse/plugins/com.st.stm32cube.ide.mcu.externaltools.gnu-tools-for-stm32.13.3.rel1.macos64_1.0.0.202411102158/tools/bin/../lib/gcc/arm-none-eabi/13.3.1/thumb/v8-m.main+fp/hard/crtbegin.o
 .text          0x08000290       0x10 /Applications/STM32CubeIDE.app/Contents/Eclipse/plugins/com.st.stm32cube.ide.mcu.externaltools.gnu-tools-for-stm32.13.3.rel1.macos64_1.0.0.202411102158/tools/bin/../lib/gcc/arm-none-eabi/13.3.1/../../../../arm-none-eabi/lib/thumb/v8-m.main+fp/hard/libc_nano.a(libc_a-strlen.o)
                0x08000290                strlen
 .text          0x080002a0      0x378 /Applications/STM32CubeIDE.app/Contents/Eclipse/plugins/com.st.stm32cube.ide.mcu.externaltools.gnu-tools-for-stm32.13.3.rel1.macos64_1.0.0.202411102158/tools/bin/../lib/gcc/arm-none-eabi/13.3.1/thumb/v8-m.main+fp/hard/libgcc.a(_arm_addsubdf3.o)
                0x080002a0                __aeabi_drsub
                0x080002a8                __subdf3
                0x080002a8                __aeabi_dsub
                0x080002ac                __aeabi_dadd
                0x080002ac                __adddf3
                0x08000524                __aeabi_ui2d
                0x08000524                __floatunsidf
                0x08000544                __floatsidf
                0x08000544                __aeabi_i2d
                0x08000568                __extendsfdf2
                0x08000568                __aeabi_f2d
                0x080005ac                __aeabi_ul2d
                0x080005ac                __floatundidf
                0x080005bc                __aeabi_l2d
                0x080005bc                __floatdidf
 .text          0x08000618      0x424 /Applications/STM32CubeIDE.app/Contents/Eclipse/plugins/com.st.stm32cube.ide.mcu.externaltools.gnu-tools-for-stm32.13.3.rel1.macos64_1.0.0.202411102158/tools/bin/../lib/gcc/arm-none-eabi/13.3.1/thumb/v8-m.main+fp/hard/libgcc.a(_arm_muldivdf3.o)
                0x08000618                __aeabi_dmul
                0x08000618                __muldf3
                0x0800086c                __aeabi_ddiv
                0x0800086c                __divdf3
 .text          0x08000a3c      0x110 /Applications/STM32CubeIDE.app/Contents/Eclipse/plugins/com.st.stm32cube.ide.mcu.externaltools.gnu-tools-for-stm32.13.3.rel1.macos64_1.0.0.202411102158/tools/bin/../lib/gcc/arm-none-eabi/13.3.1/thumb/v8-m.main+fp/hard/libgcc.a(_arm_cmpdf2.o)
                0x08000a3c                __gedf2
                0x08000a3c                __gtdf2
                0x08000a44                __ledf2
                0x08000a44                __ltdf2
                0x08000a4c                __cmpdf2
                0x08000a4c                __eqdf2
                0x08000a4c                __nedf2
                0x08000ac8                __aeabi_cdrcmple
                0x08000ad8                __aeabi_cdcmple
                0x08000ad8                __aeabi_cdcmpeq
                0x08000ae8                __aeabi_dcmpeq
                0x08000afc                __aeabi_dcmplt
                0x08000b10                __aeabi_dcmple
                0x08000b24                __aeabi_dcmpge
                0x08000b38                __aeabi_dcmpgt
 .text          0x08000b4c       0x2c /Applications/STM32CubeIDE.app/Contents/Eclipse/plugins/com.st.stm32cube.ide.mcu.externaltools.gnu-tools-for-stm32.13.3.rel1.macos64_1.0.0.202411102158/tools/bin/../lib/gcc/arm-none-eabi/13.3.1/thumb/v8-m.main+fp/hard/libgcc.a(_arm_unorddf2.o)
                0x08000b4c                __aeabi_dcmpun
                0x08000b4c                __unorddf2
 .text          0x08000b78       0x50 /Applications/STM32CubeIDE.app/Contents/Eclipse/plugins/com.st.stm32cube.ide.mcu.externaltools.gnu-tools-for-stm32.13.3.rel1.macos64_1.0.0.202411102158/tools/bin/../lib/gcc/arm-none-eabi/13.3.1/thumb/v8-m.main+fp/hard/libgcc.a(_arm_fixdfsi.o)
                0x08000b78                __fixdfsi
                0x08000b78                __aeabi_d2iz
 .text          0x08000bc8       0x40 /Applications/STM32CubeIDE.app/Contents/Eclipse/plugins/com.st.stm32cube.ide.mcu.externaltools.gnu-tools-for-stm32.13.3.rel1.macos64_1.0.0.202411102158/tools/bin/../lib/gcc/arm-none-eabi/13.3.1/thumb/v8-m.main+fp/hard/libgcc.a(_arm_fixunsdfsi.o)
                0x08000bc8                __fixunsdfsi
                0x08000bc8                __aeabi_d2uiz
 .text          0x08000c08       0xa0 /Applications/STM32CubeIDE.app/Contents/Eclipse/plugins/com.st.stm32cube.ide.mcu.externaltools.gnu-tools-for-stm32.13.3.rel1.macos64_1.0.0.202411102158/tools/bin/../lib/gcc/arm-none-eabi/13.3.1/thumb/v8-m.main+fp/hard/libgcc.a(_arm_truncdfsf2.o)
                0x08000c08                __aeabi_d2f
                0x08000c08                __truncdfsf2
 .text          0x08000ca8       0x30 /Applications/STM32CubeIDE.app/Contents/Eclipse/plugins/com.st.stm32cube.ide.mcu.externaltools.gnu-tools-for-stm32.13.3.rel1.macos64_1.0.0.202411102158/tools/bin/../lib/gcc/arm-none-eabi/13.3.1/thumb/v8-m.main+fp/hard/libgcc.a(_aeabi_uldivmod.o)
                0x08000ca8                __aeabi_uldivmod
 .text          0x08000cd8       0x30 /Applications/STM32CubeIDE.app/Contents/Eclipse/plugins/com.st.stm32cube.ide.mcu.externaltools.gnu-tools-for-stm32.13.3.rel1.macos64_1.0.0.202411102158/tools/bin/../lib/gcc/arm-none-eabi/13.3.1/thumb/v8-m.main+fp/hard/libgcc.a(_fixdfdi.o)
                0x08000cd8                __aeabi_d2lz
                0x08000cd8                __fixdfdi
 .text          0x08000d08       0x3c /Applications/STM32CubeIDE.app/Contents/Eclipse/plugins/com.st.stm32cube.ide.mcu.externaltools.gnu-tools-for-stm32.13.3.rel1.macos64_1.0.0.202411102158/tools/bin/../lib/gcc/arm-none-eabi/13.3.1/thumb/v8-m.main+fp/hard/libgcc.a(_fixunsdfdi.o)
                0x08000d08                __aeabi_d2ulz
                0x08000d08                __fixunsdfdi
 .text          0x08000d44      0x348 /Applications/STM32CubeIDE.app/Contents/Eclipse/plugins/com.st.stm32cube.ide.mcu.externaltools.gnu-tools-for-stm32.13.3.rel1.macos64_1.0.0.202411102158/tools/bin/../lib/gcc/arm-none-eabi/13.3.1/thumb/v8-m.main+fp/hard/libgcc.a(_udivmoddi4.o)
                0x08000d44                __udivmoddi4
 .text          0x0800108c        0x4 /Applications/STM32CubeIDE.app/Contents/Eclipse/plugins/com.st.stm32cube.ide.mcu.externaltools.gnu-tools-for-stm32.13.3.rel1.macos64_1.0.0.202411102158/tools/bin/../lib/gcc/arm-none-eabi/13.3.1/thumb/v8-m.main+fp/hard/libgcc.a(_dvmd_tls.o)
                0x0800108c                __aeabi_ldiv0
                0x0800108c                __aeabi_idiv0
 *(.text*)
 .text.FusionDegreesToRadians
                0x08001090       0x28 ./Core/Src/FusionAhrs.o
 .text.FusionFastInverseSqrt
                0x080010b8       0x60 ./Core/Src/FusionAhrs.o
 .text.FusionVectorIsZero
                0x08001118       0x60 ./Core/Src/FusionAhrs.o
 .text.FusionVectorAdd
                0x08001178       0x9c ./Core/Src/FusionAhrs.o
 .text.FusionVectorSubtract
                0x08001214       0x9c ./Core/Src/FusionAhrs.o
 .text.FusionVectorSum
                0x080012b0       0x40 ./Core/Src/FusionAhrs.o
 .text.FusionVectorMultiplyScalar
                0x080012f0       0x88 ./Core/Src/FusionAhrs.o
 .text.FusionVectorHadamardProduct
                0x08001378       0x9c ./Core/Src/FusionAhrs.o
 .text.FusionVectorCrossProduct
                0x08001414       0xcc ./Core/Src/FusionAhrs.o
 .text.FusionVectorDotProduct
                0x080014e0       0xac ./Core/Src/FusionAhrs.o
 .text.FusionVectorMagnitudeSquared
                0x0800158c       0x94 ./Core/Src/FusionAhrs.o
 .text.FusionVectorNormalise
                0x08001620       0xa6 ./Core/Src/FusionAhrs.o
 .text.FusionQuaternionAdd
                0x080016c6       0xc4 ./Core/Src/FusionAhrs.o
 .text.FusionQuaternionMultiply
                0x0800178a      0x184 ./Core/Src/FusionAhrs.o
 .text.FusionQuaternionMultiplyVector
                0x0800190e      0x140 ./Core/Src/FusionAhrs.o
 .text.FusionQuaternionNormalise
                0x08001a4e       0xea ./Core/Src/FusionAhrs.o
 .text.FusionAhrsInitialise
                0x08001b38       0x3c ./Core/Src/FusionAhrs.o
                0x08001b38                FusionAhrsInitialise
 .text.FusionAhrsReset
                0x08001b74       0xc8 ./Core/Src/FusionAhrs.o
                0x08001b74                FusionAhrsReset
 .text.FusionAhrsSetSettings
                0x08001c3c      0x170 ./Core/Src/FusionAhrs.o
                0x08001c3c                FusionAhrsSetSettings
 .text.FusionAhrsUpdate
                0x08001dac      0x71e ./Core/Src/FusionAhrs.o
                0x08001dac                FusionAhrsUpdate
 .text.HalfGravity
                0x080024ca      0x17a ./Core/Src/FusionAhrs.o
 .text.HalfMagnetic
                0x08002644      0x214 ./Core/Src/FusionAhrs.o
 .text.Feedback
                0x08002858      0x16a ./Core/Src/FusionAhrs.o
 .text.Clamp    0x080029c2       0x32 ./Core/Src/FusionAhrs.o
 .text.FusionAhrsUpdateNoMagnetometer
                0x080029f4       0xb4 ./Core/Src/FusionAhrs.o
                0x080029f4                FusionAhrsUpdateNoMagnetometer
 .text.FusionAhrsGetQuaternion
                0x08002aa8       0x46 ./Core/Src/FusionAhrs.o
                0x08002aa8                FusionAhrsGetQuaternion
 .text.FusionAhrsGetGravity
                0x08002aee       0xca ./Core/Src/FusionAhrs.o
                0x08002aee                FusionAhrsGetGravity
 .text.FusionAhrsGetLinearAcceleration
                0x08002bb8      0x12e ./Core/Src/FusionAhrs.o
                0x08002bb8                FusionAhrsGetLinearAcceleration
 .text.FusionAhrsGetEarthAcceleration
                0x08002ce6      0x234 ./Core/Src/FusionAhrs.o
                0x08002ce6                FusionAhrsGetEarthAcceleration
 .text.FusionAhrsSetHeading
                0x08002f1a      0x12c ./Core/Src/FusionAhrs.o
                0x08002f1a                FusionAhrsSetHeading
 .text.ADXL362_CS_Low
                0x08003046       0x34 ./Core/Src/adxl362_hal.o
 .text.ADXL362_CS_High
                0x0800307a       0x46 ./Core/Src/adxl362_hal.o
 .text.ADXL362_ReadRegs
                0x080030c0       0xa8 ./Core/Src/adxl362_hal.o
 .text.ADXL362_ReadData
                0x08003168       0x78 ./Core/Src/adxl362_hal.o
                0x08003168                ADXL362_ReadData
 .text.ADXL362_RawToMg
                0x080031e0       0x66 ./Core/Src/adxl362_hal.o
                0x080031e0                ADXL362_RawToMg
 .text.lsm6dsox_read_reg
                0x08003246       0x3c ./Core/Src/lsm6dsox_reg.o
                0x08003246                lsm6dsox_read_reg
 .text.lsm6dsox_write_reg
                0x08003282       0x3c ./Core/Src/lsm6dsox_reg.o
                0x08003282                lsm6dsox_write_reg
 *fill*         0x080032be        0x2 
 .text.lsm6dsox_from_fs4_to_mg
                0x080032c0       0x30 ./Core/Src/lsm6dsox_reg.o
                0x080032c0                lsm6dsox_from_fs4_to_mg
 .text.lsm6dsox_from_fs2000_to_mdps
                0x080032f0       0x30 ./Core/Src/lsm6dsox_reg.o
                0x080032f0                lsm6dsox_from_fs2000_to_mdps
 .text.lsm6dsox_xl_full_scale_set
                0x08003320       0x4c ./Core/Src/lsm6dsox_reg.o
                0x08003320                lsm6dsox_xl_full_scale_set
 .text.lsm6dsox_xl_data_rate_set
                0x0800336c      0x2e0 ./Core/Src/lsm6dsox_reg.o
                0x0800336c                lsm6dsox_xl_data_rate_set
 .text.lsm6dsox_gy_full_scale_set
                0x0800364c       0x4c ./Core/Src/lsm6dsox_reg.o
                0x0800364c                lsm6dsox_gy_full_scale_set
 .text.lsm6dsox_gy_data_rate_set
                0x08003698      0x2e4 ./Core/Src/lsm6dsox_reg.o
                0x08003698                lsm6dsox_gy_data_rate_set
 .text.lsm6dsox_block_data_update_set
                0x0800397c       0x4c ./Core/Src/lsm6dsox_reg.o
                0x0800397c                lsm6dsox_block_data_update_set
 .text.lsm6dsox_xl_power_mode_set
                0x080039c8       0x8a ./Core/Src/lsm6dsox_reg.o
                0x080039c8                lsm6dsox_xl_power_mode_set
 .text.lsm6dsox_gy_power_mode_set
                0x08003a52       0x4c ./Core/Src/lsm6dsox_reg.o
                0x08003a52                lsm6dsox_gy_power_mode_set
 .text.lsm6dsox_status_reg_get
                0x08003a9e       0x22 ./Core/Src/lsm6dsox_reg.o
                0x08003a9e                lsm6dsox_status_reg_get
 .text.lsm6dsox_angular_rate_raw_get
                0x08003ac0       0x9a ./Core/Src/lsm6dsox_reg.o
                0x08003ac0                lsm6dsox_angular_rate_raw_get
 .text.lsm6dsox_acceleration_raw_get
                0x08003b5a       0x9a ./Core/Src/lsm6dsox_reg.o
                0x08003b5a                lsm6dsox_acceleration_raw_get
 .text.lsm6dsox_mem_bank_set
                0x08003bf4       0x4c ./Core/Src/lsm6dsox_reg.o
                0x08003bf4                lsm6dsox_mem_bank_set
 .text.lsm6dsox_device_id_get
                0x08003c40       0x22 ./Core/Src/lsm6dsox_reg.o
                0x08003c40                lsm6dsox_device_id_get
 .text.lsm6dsox_reset_set
                0x08003c62       0x4c ./Core/Src/lsm6dsox_reg.o
                0x08003c62                lsm6dsox_reset_set
 .text.lsm6dsox_reset_get
                0x08003cae       0x3c ./Core/Src/lsm6dsox_reg.o
                0x08003cae                lsm6dsox_reset_get
 .text.lsm6dsox_fsm_enable_get
                0x08003cea       0x42 ./Core/Src/lsm6dsox_reg.o
                0x08003cea                lsm6dsox_fsm_enable_get
 .text.lsm6dsox_fsm_data_rate_get
                0x08003d2c       0x98 ./Core/Src/lsm6dsox_reg.o
                0x08003d2c                lsm6dsox_fsm_data_rate_get
 .text.lsm6dsox_mlc_data_rate_get
                0x08003dc4       0x98 ./Core/Src/lsm6dsox_reg.o
                0x08003dc4                lsm6dsox_mlc_data_rate_get
 .text.lsm6dsox_embedded_sens_get
                0x08003e5c       0xcc ./Core/Src/lsm6dsox_reg.o
                0x08003e5c                lsm6dsox_embedded_sens_get
 .text.FusionRadiansToDegrees
                0x08003f28       0x28 ./Core/Src/main.o
 .text.FusionAsin
                0x08003f50       0x58 ./Core/Src/main.o
 .text.FusionQuaternionToEuler
                0x08003fa8      0x14c ./Core/Src/main.o
 .text.platform_write
                0x080040f4       0x50 ./Core/Src/main.o
 .text.platform_read
                0x08004144       0x50 ./Core/Src/main.o
 .text.LSM6DSOX_Init
                0x08004194       0xac ./Core/Src/main.o
 .text.LSM6DSOX_ReadData
                0x08004240       0x4c ./Core/Src/main.o
 .text.LSM6DSOX_FusionInit
                0x0800428c       0x48 ./Core/Src/main.o
 .text.LSM6DSOX_FusionUpdate
                0x080042d4      0x224 ./Core/Src/main.o
 .text.ADXL362_ReadDataWrapper
                0x080044f8       0x18 ./Core/Src/main.o
 .text.Get_Microseconds
                0x08004510       0x18 ./Core/Src/main.o
 .text.tx_com   0x08004528       0x28 ./Core/Src/main.o
 .text.I2C_Scan
                0x08004550      0x1e0 ./Core/Src/main.o
 .text.Print_IMU_Data
                0x08004730      0x3f8 ./Core/Src/main.o
 .text.__io_putchar
                0x08004b28       0x24 ./Core/Src/main.o
                0x08004b28                __io_putchar
 .text.main     0x08004b4c      0x278 ./Core/Src/main.o
                0x08004b4c                main
 .text.SystemClock_Config
                0x08004dc4       0x8e ./Core/Src/main.o
                0x08004dc4                SystemClock_Config
 .text.SystemPower_Config
                0x08004e52       0x1c ./Core/Src/main.o
 *fill*         0x08004e6e        0x2 
 .text.MX_I2C2_Init
                0x08004e70       0x80 ./Core/Src/main.o
 .text.MX_ICACHE_Init
                0x08004ef0       0x26 ./Core/Src/main.o
 *fill*         0x08004f16        0x2 
 .text.MX_SPI1_Init
                0x08004f18       0xe0 ./Core/Src/main.o
 .text.MX_TIM2_Init
                0x08004ff8       0x9c ./Core/Src/main.o
 .text.MX_USART1_UART_Init
                0x08005094       0x9c ./Core/Src/main.o
 .text.MX_GPIO_Init
                0x08005130      0x180 ./Core/Src/main.o
 .text.Error_Handler
                0x080052b0        0xc ./Core/Src/main.o
                0x080052b0                Error_Handler
 .text.HAL_MspInit
                0x080052bc       0x34 ./Core/Src/stm32u5xx_hal_msp.o
                0x080052bc                HAL_MspInit
 .text.HAL_I2C_MspInit
                0x080052f0       0xd4 ./Core/Src/stm32u5xx_hal_msp.o
                0x080052f0                HAL_I2C_MspInit
 .text.HAL_SPI_MspInit
                0x080053c4       0xd8 ./Core/Src/stm32u5xx_hal_msp.o
                0x080053c4                HAL_SPI_MspInit
 .text.HAL_TIM_Base_MspInit
                0x0800549c       0x40 ./Core/Src/stm32u5xx_hal_msp.o
                0x0800549c                HAL_TIM_Base_MspInit
 .text.HAL_UART_MspInit
                0x080054dc       0xd4 ./Core/Src/stm32u5xx_hal_msp.o
                0x080054dc                HAL_UART_MspInit
 .text.NMI_Handler
                0x080055b0        0x8 ./Core/Src/stm32u5xx_it.o
                0x080055b0                NMI_Handler
 .text.HardFault_Handler
                0x080055b8        0x8 ./Core/Src/stm32u5xx_it.o
                0x080055b8                HardFault_Handler
 .text.MemManage_Handler
                0x080055c0        0x8 ./Core/Src/stm32u5xx_it.o
                0x080055c0                MemManage_Handler
 .text.BusFault_Handler
                0x080055c8        0x8 ./Core/Src/stm32u5xx_it.o
                0x080055c8                BusFault_Handler
 .text.UsageFault_Handler
                0x080055d0        0x8 ./Core/Src/stm32u5xx_it.o
                0x080055d0                UsageFault_Handler
 .text.SVC_Handler
                0x080055d8        0xe ./Core/Src/stm32u5xx_it.o
                0x080055d8                SVC_Handler
 .text.DebugMon_Handler
                0x080055e6        0xe ./Core/Src/stm32u5xx_it.o
                0x080055e6                DebugMon_Handler
 .text.PendSV_Handler
                0x080055f4        0xe ./Core/Src/stm32u5xx_it.o
                0x080055f4                PendSV_Handler
 .text.SysTick_Handler
                0x08005602        0xc ./Core/Src/stm32u5xx_it.o
                0x08005602                SysTick_Handler
 .text.EXTI13_IRQHandler
                0x0800560e        0xe ./Core/Src/stm32u5xx_it.o
                0x0800560e                EXTI13_IRQHandler
 .text._getpid  0x0800561c       0x10 ./Core/Src/syscalls.o
                0x0800561c                _getpid
 .text._kill    0x0800562c       0x20 ./Core/Src/syscalls.o
                0x0800562c                _kill
 .text._exit    0x0800564c       0x16 ./Core/Src/syscalls.o
                0x0800564c                _exit
 .text._read    0x08005662       0x3a ./Core/Src/syscalls.o
                0x08005662                _read
 .text._write   0x0800569c       0x38 ./Core/Src/syscalls.o
                0x0800569c                _write
 .text._close   0x080056d4       0x18 ./Core/Src/syscalls.o
                0x080056d4                _close
 .text._fstat   0x080056ec       0x20 ./Core/Src/syscalls.o
                0x080056ec                _fstat
 .text._isatty  0x0800570c       0x16 ./Core/Src/syscalls.o
                0x0800570c                _isatty
 .text._lseek   0x08005722       0x1a ./Core/Src/syscalls.o
                0x08005722                _lseek
 .text._sbrk    0x0800573c       0x6c ./Core/Src/sysmem.o
                0x0800573c                _sbrk
 .text.SystemInit
                0x080057a8       0x70 ./Core/Src/system_stm32u5xx.o
                0x080057a8                SystemInit
 .text.Reset_Handler
                0x08005818       0x50 ./Core/Startup/startup_stm32u5a5zjtxq.o
                0x08005818                Reset_Handler
 .text.Default_Handler
                0x08005868        0x2 ./Core/Startup/startup_stm32u5a5zjtxq.o
                0x08005868                HASH_IRQHandler
                0x08005868                TIM8_TRG_COM_IRQHandler
                0x08005868                TIM8_CC_IRQHandler
                0x08005868                EXTI5_IRQHandler
                0x08005868                FLASH_S_IRQHandler
                0x08005868                TIM1_CC_IRQHandler
                0x08005868                TSC_IRQHandler
                0x08005868                TAMP_IRQHandler
                0x08005868                TIM6_IRQHandler
                0x08005868                EXTI12_IRQHandler
                0x08005868                CORDIC_IRQHandler
                0x08005868                EXTI3_IRQHandler
                0x08005868                LPTIM4_IRQHandler
                0x08005868                GPDMA1_Channel5_IRQHandler
                0x08005868                EXTI8_IRQHandler
                0x08005868                LPTIM2_IRQHandler
                0x08005868                I2C3_ER_IRQHandler
                0x08005868                I2C5_EV_IRQHandler
                0x08005868                PWR_S3WU_IRQHandler
                0x08005868                MDF1_FLT2_IRQHandler
                0x08005868                LPDMA1_Channel3_IRQHandler
                0x08005868                LPTIM3_IRQHandler
                0x08005868                EXTI0_IRQHandler
                0x08005868                I2C2_EV_IRQHandler
                0x08005868                FPU_IRQHandler
                0x08005868                GPDMA1_Channel3_IRQHandler
                0x08005868                GPDMA1_Channel7_IRQHandler
                0x08005868                MDF1_FLT4_IRQHandler
                0x08005868                FDCAN1_IT1_IRQHandler
                0x08005868                RAMCFG_IRQHandler
                0x08005868                ADC1_2_IRQHandler
                0x08005868                GPDMA1_Channel9_IRQHandler
                0x08005868                DCACHE1_IRQHandler
                0x08005868                SPI1_IRQHandler
                0x08005868                OCTOSPI1_IRQHandler
                0x08005868                GPDMA1_Channel2_IRQHandler
                0x08005868                TIM8_UP_IRQHandler
                0x08005868                RCC_S_IRQHandler
                0x08005868                OCTOSPI2_IRQHandler
                0x08005868                SAI2_IRQHandler
                0x08005868                MDF1_FLT1_IRQHandler
                0x08005868                PKA_IRQHandler
                0x08005868                USART6_IRQHandler
                0x08005868                MDF1_FLT5_IRQHandler
                0x08005868                EXTI15_IRQHandler
                0x08005868                TIM17_IRQHandler
                0x08005868                USART3_IRQHandler
                0x08005868                RTC_IRQHandler
                0x08005868                EXTI9_IRQHandler
                0x08005868                HSPI1_IRQHandler
                0x08005868                UART5_IRQHandler
                0x08005868                TIM4_IRQHandler
                0x08005868                I2C1_EV_IRQHandler
                0x08005868                GPDMA1_Channel12_IRQHandler
                0x08005868                GPDMA1_Channel1_IRQHandler
                0x08005868                TIM16_IRQHandler
                0x08005868                GPDMA1_Channel15_IRQHandler
                0x08005868                UART4_IRQHandler
                0x08005868                SecureFault_Handler
                0x08005868                TIM3_IRQHandler
                0x08005868                RCC_IRQHandler
                0x08005868                TIM1_TRG_COM_IRQHandler
                0x08005868                Default_Handler
                0x08005868                GPDMA1_Channel8_IRQHandler
                0x08005868                FMAC_IRQHandler
                0x08005868                I2C5_ER_IRQHandler
                0x08005868                OTFDEC1_IRQHandler
                0x08005868                GPDMA1_Channel11_IRQHandler
                0x08005868                TIM7_IRQHandler
                0x08005868                SDMMC1_IRQHandler
                0x08005868                SAES_IRQHandler
                0x08005868                TIM5_IRQHandler
                0x08005868                UCPD1_IRQHandler
                0x08005868                GPDMA1_Channel0_IRQHandler
                0x08005868                TIM15_IRQHandler
                0x08005868                I2C3_EV_IRQHandler
                0x08005868                LPDMA1_Channel0_IRQHandler
                0x08005868                PVD_PVM_IRQHandler
                0x08005868                SPI2_IRQHandler
                0x08005868                LPDMA1_Channel1_IRQHandler
                0x08005868                EXTI14_IRQHandler
                0x08005868                EXTI11_IRQHandler
                0x08005868                OTFDEC2_IRQHandler
                0x08005868                CRS_IRQHandler
                0x08005868                GPDMA1_Channel14_IRQHandler
                0x08005868                LSECSSD_IRQHandler
                0x08005868                EXTI4_IRQHandler
                0x08005868                RTC_S_IRQHandler
                0x08005868                GPDMA1_Channel13_IRQHandler
                0x08005868                RNG_IRQHandler
                0x08005868                COMP_IRQHandler
                0x08005868                TIM1_UP_IRQHandler
                0x08005868                ADC4_IRQHandler
                0x08005868                WWDG_IRQHandler
                0x08005868                I2C4_EV_IRQHandler
                0x08005868                ADF1_IRQHandler
                0x08005868                IWDG_IRQHandler
                0x08005868                I2C6_ER_IRQHandler
                0x08005868                LPUART1_IRQHandler
                0x08005868                MDF1_FLT0_IRQHandler
                0x08005868                FDCAN1_IT0_IRQHandler
                0x08005868                TIM2_IRQHandler
                0x08005868                GPDMA1_Channel4_IRQHandler
                0x08005868                OTG_HS_IRQHandler
                0x08005868                EXTI7_IRQHandler
                0x08005868                DMA2D_IRQHandler
                0x08005868                TIM1_BRK_IRQHandler
                0x08005868                EXTI1_IRQHandler
                0x08005868                SDMMC2_IRQHandler
                0x08005868                AES_IRQHandler
                0x08005868                DAC1_IRQHandler
                0x08005868                GTZC_IRQHandler
                0x08005868                MDF1_FLT3_IRQHandler
                0x08005868                USART2_IRQHandler
                0x08005868                I2C6_EV_IRQHandler
                0x08005868                GPDMA1_Channel6_IRQHandler
                0x08005868                I2C2_ER_IRQHandler
                0x08005868                TIM8_BRK_IRQHandler
                0x08005868                FLASH_IRQHandler
                0x08005868                USART1_IRQHandler
                0x08005868                EXTI10_IRQHandler
                0x08005868                SPI3_IRQHandler
                0x08005868                LPDMA1_Channel2_IRQHandler
                0x08005868                I2C1_ER_IRQHandler
                0x08005868                FMC_IRQHandler
                0x08005868                EXTI6_IRQHandler
                0x08005868                LPTIM1_IRQHandler
                0x08005868                DCMI_PSSI_IRQHandler
                0x08005868                I2C4_ER_IRQHandler
                0x08005868                GPDMA1_Channel10_IRQHandler
                0x08005868                ICACHE_IRQHandler
                0x08005868                SAI1_IRQHandler
                0x08005868                EXTI2_IRQHandler
 *fill*         0x0800586a        0x2 
 .text.BSP_LED_Init
                0x0800586c      0x120 ./Drivers/BSP/STM32U5xx_Nucleo/stm32u5xx_nucleo.o
                0x0800586c                BSP_LED_Init
 .text.BSP_PB_Init
                0x0800598c       0xf0 ./Drivers/BSP/STM32U5xx_Nucleo/stm32u5xx_nucleo.o
                0x0800598c                BSP_PB_Init
 .text.BSP_PB_IRQHandler
                0x08005a7c       0x2c ./Drivers/BSP/STM32U5xx_Nucleo/stm32u5xx_nucleo.o
                0x08005a7c                BSP_PB_IRQHandler
 .text.BSP_PB_Callback
                0x08005aa8       0x16 ./Drivers/BSP/STM32U5xx_Nucleo/stm32u5xx_nucleo.o
                0x08005aa8                BSP_PB_Callback
 .text.BUTTON_USER_EXTI_Callback
                0x08005abe        0xe ./Drivers/BSP/STM32U5xx_Nucleo/stm32u5xx_nucleo.o
 .text.HAL_Init
                0x08005acc       0x60 ./Drivers/STM32U5xx_HAL_Driver/Src/stm32u5xx_hal.o
                0x08005acc                HAL_Init
 .text.HAL_InitTick
                0x08005b2c       0xec ./Drivers/STM32U5xx_HAL_Driver/Src/stm32u5xx_hal.o
                0x08005b2c                HAL_InitTick
 .text.HAL_IncTick
                0x08005c18       0x28 ./Drivers/STM32U5xx_HAL_Driver/Src/stm32u5xx_hal.o
                0x08005c18                HAL_IncTick
 .text.HAL_GetTick
                0x08005c40       0x18 ./Drivers/STM32U5xx_HAL_Driver/Src/stm32u5xx_hal.o
                0x08005c40                HAL_GetTick
 .text.HAL_Delay
                0x08005c58       0x48 ./Drivers/STM32U5xx_HAL_Driver/Src/stm32u5xx_hal.o
                0x08005c58                HAL_Delay
 .text.__NVIC_SetPriorityGrouping
                0x08005ca0       0x48 ./Drivers/STM32U5xx_HAL_Driver/Src/stm32u5xx_hal_cortex.o
 .text.__NVIC_GetPriorityGrouping
                0x08005ce8       0x1c ./Drivers/STM32U5xx_HAL_Driver/Src/stm32u5xx_hal_cortex.o
 .text.__NVIC_EnableIRQ
                0x08005d04       0x3c ./Drivers/STM32U5xx_HAL_Driver/Src/stm32u5xx_hal_cortex.o
 .text.__NVIC_SetPriority
                0x08005d40       0x54 ./Drivers/STM32U5xx_HAL_Driver/Src/stm32u5xx_hal_cortex.o
 .text.NVIC_EncodePriority
                0x08005d94       0x66 ./Drivers/STM32U5xx_HAL_Driver/Src/stm32u5xx_hal_cortex.o
 .text.HAL_NVIC_SetPriorityGrouping
                0x08005dfa       0x16 ./Drivers/STM32U5xx_HAL_Driver/Src/stm32u5xx_hal_cortex.o
                0x08005dfa                HAL_NVIC_SetPriorityGrouping
 .text.HAL_NVIC_SetPriority
                0x08005e10       0x34 ./Drivers/STM32U5xx_HAL_Driver/Src/stm32u5xx_hal_cortex.o
                0x08005e10                HAL_NVIC_SetPriority
 .text.HAL_NVIC_EnableIRQ
                0x08005e44       0x1c ./Drivers/STM32U5xx_HAL_Driver/Src/stm32u5xx_hal_cortex.o
                0x08005e44                HAL_NVIC_EnableIRQ
 .text.HAL_SYSTICK_Config
                0x08005e60       0x44 ./Drivers/STM32U5xx_HAL_Driver/Src/stm32u5xx_hal_cortex.o
                0x08005e60                HAL_SYSTICK_Config
 .text.HAL_SYSTICK_CLKSourceConfig
                0x08005ea4       0xb0 ./Drivers/STM32U5xx_HAL_Driver/Src/stm32u5xx_hal_cortex.o
                0x08005ea4                HAL_SYSTICK_CLKSourceConfig
 .text.HAL_SYSTICK_GetCLKSourceConfig
                0x08005f54       0x74 ./Drivers/STM32U5xx_HAL_Driver/Src/stm32u5xx_hal_cortex.o
                0x08005f54                HAL_SYSTICK_GetCLKSourceConfig
 .text.HAL_EXTI_RegisterCallback
                0x08005fc8       0x58 ./Drivers/STM32U5xx_HAL_Driver/Src/stm32u5xx_hal_exti.o
                0x08005fc8                HAL_EXTI_RegisterCallback
 .text.HAL_EXTI_GetHandle
                0x08006020       0x28 ./Drivers/STM32U5xx_HAL_Driver/Src/stm32u5xx_hal_exti.o
                0x08006020                HAL_EXTI_GetHandle
 .text.HAL_EXTI_IRQHandler
                0x08006048       0x90 ./Drivers/STM32U5xx_HAL_Driver/Src/stm32u5xx_hal_exti.o
                0x08006048                HAL_EXTI_IRQHandler
 .text.HAL_GPIO_Init
                0x080060d8      0x3c0 ./Drivers/STM32U5xx_HAL_Driver/Src/stm32u5xx_hal_gpio.o
                0x080060d8                HAL_GPIO_Init
 .text.HAL_GPIO_WritePin
                0x08006498       0x30 ./Drivers/STM32U5xx_HAL_Driver/Src/stm32u5xx_hal_gpio.o
                0x08006498                HAL_GPIO_WritePin
 .text.HAL_I2C_Init
                0x080064c8      0x136 ./Drivers/STM32U5xx_HAL_Driver/Src/stm32u5xx_hal_i2c.o
                0x080064c8                HAL_I2C_Init
 *fill*         0x080065fe        0x2 
 .text.HAL_I2C_Mem_Write
                0x08006600      0x228 ./Drivers/STM32U5xx_HAL_Driver/Src/stm32u5xx_hal_i2c.o
                0x08006600                HAL_I2C_Mem_Write
 .text.HAL_I2C_Mem_Read
                0x08006828      0x234 ./Drivers/STM32U5xx_HAL_Driver/Src/stm32u5xx_hal_i2c.o
                0x08006828                HAL_I2C_Mem_Read
 .text.HAL_I2C_IsDeviceReady
                0x08006a5c      0x20a ./Drivers/STM32U5xx_HAL_Driver/Src/stm32u5xx_hal_i2c.o
                0x08006a5c                HAL_I2C_IsDeviceReady
 *fill*         0x08006c66        0x2 
 .text.I2C_RequestMemoryWrite
                0x08006c68       0xa8 ./Drivers/STM32U5xx_HAL_Driver/Src/stm32u5xx_hal_i2c.o
 .text.I2C_RequestMemoryRead
                0x08006d10       0xa8 ./Drivers/STM32U5xx_HAL_Driver/Src/stm32u5xx_hal_i2c.o
 .text.I2C_Flush_TXDR
                0x08006db8       0x48 ./Drivers/STM32U5xx_HAL_Driver/Src/stm32u5xx_hal_i2c.o
 .text.I2C_WaitOnFlagUntilTimeout
                0x08006e00       0xb2 ./Drivers/STM32U5xx_HAL_Driver/Src/stm32u5xx_hal_i2c.o
 .text.I2C_WaitOnTXISFlagUntilTimeout
                0x08006eb2       0x8e ./Drivers/STM32U5xx_HAL_Driver/Src/stm32u5xx_hal_i2c.o
 .text.I2C_WaitOnSTOPFlagUntilTimeout
                0x08006f40       0x86 ./Drivers/STM32U5xx_HAL_Driver/Src/stm32u5xx_hal_i2c.o
 *fill*         0x08006fc6        0x2 
 .text.I2C_IsErrorOccurred
                0x08006fc8      0x1c0 ./Drivers/STM32U5xx_HAL_Driver/Src/stm32u5xx_hal_i2c.o
 .text.I2C_TransferConfig
                0x08007188       0x64 ./Drivers/STM32U5xx_HAL_Driver/Src/stm32u5xx_hal_i2c.o
 .text.HAL_I2CEx_ConfigAnalogFilter
                0x080071ec       0x96 ./Drivers/STM32U5xx_HAL_Driver/Src/stm32u5xx_hal_i2c_ex.o
                0x080071ec                HAL_I2CEx_ConfigAnalogFilter
 .text.HAL_I2CEx_ConfigDigitalFilter
                0x08007282       0x98 ./Drivers/STM32U5xx_HAL_Driver/Src/stm32u5xx_hal_i2c_ex.o
                0x08007282                HAL_I2CEx_ConfigDigitalFilter
 *fill*         0x0800731a        0x2 
 .text.HAL_ICACHE_ConfigAssociativityMode
                0x0800731c       0x40 ./Drivers/STM32U5xx_HAL_Driver/Src/stm32u5xx_hal_icache.o
                0x0800731c                HAL_ICACHE_ConfigAssociativityMode
 .text.HAL_ICACHE_Enable
                0x0800735c       0x20 ./Drivers/STM32U5xx_HAL_Driver/Src/stm32u5xx_hal_icache.o
                0x0800735c                HAL_ICACHE_Enable
 .text.HAL_PWREx_ControlVoltageScaling
                0x0800737c       0xfc ./Drivers/STM32U5xx_HAL_Driver/Src/stm32u5xx_hal_pwr_ex.o
                0x0800737c                HAL_PWREx_ControlVoltageScaling
 .text.HAL_PWREx_GetVoltageRange
                0x08007478       0x1c ./Drivers/STM32U5xx_HAL_Driver/Src/stm32u5xx_hal_pwr_ex.o
                0x08007478                HAL_PWREx_GetVoltageRange
 .text.HAL_PWREx_ConfigSupply
                0x08007494       0xa0 ./Drivers/STM32U5xx_HAL_Driver/Src/stm32u5xx_hal_pwr_ex.o
                0x08007494                HAL_PWREx_ConfigSupply
 .text.HAL_PWREx_EnableVddIO2
                0x08007534       0x20 ./Drivers/STM32U5xx_HAL_Driver/Src/stm32u5xx_hal_pwr_ex.o
                0x08007534                HAL_PWREx_EnableVddIO2
 .text.HAL_PWREx_DisableUCPDDeadBattery
                0x08007554       0x20 ./Drivers/STM32U5xx_HAL_Driver/Src/stm32u5xx_hal_pwr_ex.o
                0x08007554                HAL_PWREx_DisableUCPDDeadBattery
 .text.HAL_RCC_OscConfig
                0x08007574      0xdb8 ./Drivers/STM32U5xx_HAL_Driver/Src/stm32u5xx_hal_rcc.o
                0x08007574                HAL_RCC_OscConfig
 .text.HAL_RCC_ClockConfig
                0x0800832c      0x3e4 ./Drivers/STM32U5xx_HAL_Driver/Src/stm32u5xx_hal_rcc.o
                0x0800832c                HAL_RCC_ClockConfig
 .text.HAL_RCC_GetSysClockFreq
                0x08008710      0x20c ./Drivers/STM32U5xx_HAL_Driver/Src/stm32u5xx_hal_rcc.o
                0x08008710                HAL_RCC_GetSysClockFreq
 .text.HAL_RCC_GetHCLKFreq
                0x0800891c       0x34 ./Drivers/STM32U5xx_HAL_Driver/Src/stm32u5xx_hal_rcc.o
                0x0800891c                HAL_RCC_GetHCLKFreq
 .text.HAL_RCC_GetPCLK1Freq
                0x08008950       0x28 ./Drivers/STM32U5xx_HAL_Driver/Src/stm32u5xx_hal_rcc.o
                0x08008950                HAL_RCC_GetPCLK1Freq
 .text.HAL_RCC_GetPCLK2Freq
                0x08008978       0x28 ./Drivers/STM32U5xx_HAL_Driver/Src/stm32u5xx_hal_rcc.o
                0x08008978                HAL_RCC_GetPCLK2Freq
 .text.HAL_RCC_GetPCLK3Freq
                0x080089a0       0x28 ./Drivers/STM32U5xx_HAL_Driver/Src/stm32u5xx_hal_rcc.o
                0x080089a0                HAL_RCC_GetPCLK3Freq
 .text.RCC_SetFlashLatencyFromMSIRange
                0x080089c8      0x10c ./Drivers/STM32U5xx_HAL_Driver/Src/stm32u5xx_hal_rcc.o
 .text.HAL_RCCEx_PeriphCLKConfig
                0x08008ad4      0xd78 ./Drivers/STM32U5xx_HAL_Driver/Src/stm32u5xx_hal_rcc_ex.o
                0x08008ad4                HAL_RCCEx_PeriphCLKConfig
 .text.HAL_RCCEx_GetPLL1ClockFreq
                0x0800984c      0x2b8 ./Drivers/STM32U5xx_HAL_Driver/Src/stm32u5xx_hal_rcc_ex.o
                0x0800984c                HAL_RCCEx_GetPLL1ClockFreq
 .text.HAL_RCCEx_GetPLL2ClockFreq
                0x08009b04      0x2b8 ./Drivers/STM32U5xx_HAL_Driver/Src/stm32u5xx_hal_rcc_ex.o
                0x08009b04                HAL_RCCEx_GetPLL2ClockFreq
 .text.HAL_RCCEx_GetPLL3ClockFreq
                0x08009dbc      0x2b8 ./Drivers/STM32U5xx_HAL_Driver/Src/stm32u5xx_hal_rcc_ex.o
                0x08009dbc                HAL_RCCEx_GetPLL3ClockFreq
 .text.HAL_RCCEx_GetPeriphCLKFreq
                0x0800a074     0x16c4 ./Drivers/STM32U5xx_HAL_Driver/Src/stm32u5xx_hal_rcc_ex.o
                0x0800a074                HAL_RCCEx_GetPeriphCLKFreq
 .text.RCCEx_PLL2_Config
                0x0800b738      0x130 ./Drivers/STM32U5xx_HAL_Driver/Src/stm32u5xx_hal_rcc_ex.o
 .text.RCCEx_PLL3_Config
                0x0800b868      0x130 ./Drivers/STM32U5xx_HAL_Driver/Src/stm32u5xx_hal_rcc_ex.o
 .text.HAL_SPI_Init
                0x0800b998      0x22c ./Drivers/STM32U5xx_HAL_Driver/Src/stm32u5xx_hal_spi.o
                0x0800b998                HAL_SPI_Init
 .text.HAL_SPI_TransmitReceive
                0x0800bbc4      0x6c0 ./Drivers/STM32U5xx_HAL_Driver/Src/stm32u5xx_hal_spi.o
                0x0800bbc4                HAL_SPI_TransmitReceive
 .text.SPI_CloseTransfer
                0x0800c284      0x140 ./Drivers/STM32U5xx_HAL_Driver/Src/stm32u5xx_hal_spi.o
 .text.SPI_WaitOnFlagUntilTimeout
                0x0800c3c4       0x5c ./Drivers/STM32U5xx_HAL_Driver/Src/stm32u5xx_hal_spi.o
 .text.SPI_GetPacketSize
                0x0800c420       0x36 ./Drivers/STM32U5xx_HAL_Driver/Src/stm32u5xx_hal_spi.o
 .text.HAL_SPIEx_SetConfigAutonomousMode
                0x0800c456       0x82 ./Drivers/STM32U5xx_HAL_Driver/Src/stm32u5xx_hal_spi_ex.o
                0x0800c456                HAL_SPIEx_SetConfigAutonomousMode
 .text.HAL_TIM_Base_Init
                0x0800c4d8       0xae ./Drivers/STM32U5xx_HAL_Driver/Src/stm32u5xx_hal_tim.o
                0x0800c4d8                HAL_TIM_Base_Init
 *fill*         0x0800c586        0x2 
 .text.HAL_TIM_Base_Start
                0x0800c588      0x130 ./Drivers/STM32U5xx_HAL_Driver/Src/stm32u5xx_hal_tim.o
                0x0800c588                HAL_TIM_Base_Start
 .text.HAL_TIM_ConfigClockSource
                0x0800c6b8      0x204 ./Drivers/STM32U5xx_HAL_Driver/Src/stm32u5xx_hal_tim.o
                0x0800c6b8                HAL_TIM_ConfigClockSource
 .text.TIM_Base_SetConfig
                0x0800c8bc      0x200 ./Drivers/STM32U5xx_HAL_Driver/Src/stm32u5xx_hal_tim.o
                0x0800c8bc                TIM_Base_SetConfig
 .text.TIM_TI1_ConfigInputStage
                0x0800cabc       0xe4 ./Drivers/STM32U5xx_HAL_Driver/Src/stm32u5xx_hal_tim.o
 .text.TIM_TI2_ConfigInputStage
                0x0800cba0       0x9c ./Drivers/STM32U5xx_HAL_Driver/Src/stm32u5xx_hal_tim.o
 .text.TIM_ITRx_SetConfig
                0x0800cc3c       0x3a ./Drivers/STM32U5xx_HAL_Driver/Src/stm32u5xx_hal_tim.o
 .text.TIM_ETR_SetConfig
                0x0800cc76       0x40 ./Drivers/STM32U5xx_HAL_Driver/Src/stm32u5xx_hal_tim.o
                0x0800cc76                TIM_ETR_SetConfig
 *fill*         0x0800ccb6        0x2 
 .text.HAL_TIMEx_MasterConfigSynchronization
                0x0800ccb8      0x184 ./Drivers/STM32U5xx_HAL_Driver/Src/stm32u5xx_hal_tim_ex.o
                0x0800ccb8                HAL_TIMEx_MasterConfigSynchronization
 .text.HAL_UART_Init
                0x0800ce3c       0xa0 ./Drivers/STM32U5xx_HAL_Driver/Src/stm32u5xx_hal_uart.o
                0x0800ce3c                HAL_UART_Init
 .text.HAL_UART_Transmit
                0x0800cedc      0x11c ./Drivers/STM32U5xx_HAL_Driver/Src/stm32u5xx_hal_uart.o
                0x0800cedc                HAL_UART_Transmit
 .text.UART_SetConfig
                0x0800cff8      0x35c ./Drivers/STM32U5xx_HAL_Driver/Src/stm32u5xx_hal_uart.o
                0x0800cff8                UART_SetConfig
 .text.UART_AdvFeatureConfig
                0x0800d354      0x144 ./Drivers/STM32U5xx_HAL_Driver/Src/stm32u5xx_hal_uart.o
                0x0800d354                UART_AdvFeatureConfig
 .text.UART_CheckIdleState
                0x0800d498      0x154 ./Drivers/STM32U5xx_HAL_Driver/Src/stm32u5xx_hal_uart.o
                0x0800d498                UART_CheckIdleState
 .text.UART_WaitOnFlagUntilTimeout
                0x0800d5ec       0xda ./Drivers/STM32U5xx_HAL_Driver/Src/stm32u5xx_hal_uart.o
                0x0800d5ec                UART_WaitOnFlagUntilTimeout
 .text.UART_EndRxTransfer
                0x0800d6c6       0xcc ./Drivers/STM32U5xx_HAL_Driver/Src/stm32u5xx_hal_uart.o
 .text.HAL_UARTEx_DisableFifoMode
                0x0800d792       0x72 ./Drivers/STM32U5xx_HAL_Driver/Src/stm32u5xx_hal_uart_ex.o
                0x0800d792                HAL_UARTEx_DisableFifoMode
 .text.HAL_UARTEx_SetTxFifoThreshold
                0x0800d804       0x7c ./Drivers/STM32U5xx_HAL_Driver/Src/stm32u5xx_hal_uart_ex.o
                0x0800d804                HAL_UARTEx_SetTxFifoThreshold
 .text.HAL_UARTEx_SetRxFifoThreshold
                0x0800d880       0x7c ./Drivers/STM32U5xx_HAL_Driver/Src/stm32u5xx_hal_uart_ex.o
                0x0800d880                HAL_UARTEx_SetRxFifoThreshold
 .text.UARTEx_SetNbDataToProcess
                0x0800d8fc       0x9c ./Drivers/STM32U5xx_HAL_Driver/Src/stm32u5xx_hal_uart_ex.o
 .text.__cvt    0x0800d998       0xca /Applications/STM32CubeIDE.app/Contents/Eclipse/plugins/com.st.stm32cube.ide.mcu.externaltools.gnu-tools-for-stm32.13.3.rel1.macos64_1.0.0.202411102158/tools/bin/../lib/gcc/arm-none-eabi/13.3.1/../../../../arm-none-eabi/lib/thumb/v8-m.main+fp/hard/libc_nano.a(libc_a-nano-vfprintf_float.o)
                0x0800d998                __cvt
 .text.__exponent
                0x0800da62       0x72 /Applications/STM32CubeIDE.app/Contents/Eclipse/plugins/com.st.stm32cube.ide.mcu.externaltools.gnu-tools-for-stm32.13.3.rel1.macos64_1.0.0.202411102158/tools/bin/../lib/gcc/arm-none-eabi/13.3.1/../../../../arm-none-eabi/lib/thumb/v8-m.main+fp/hard/libc_nano.a(libc_a-nano-vfprintf_float.o)
                0x0800da62                __exponent
 .text._printf_float
                0x0800dad4      0x454 /Applications/STM32CubeIDE.app/Contents/Eclipse/plugins/com.st.stm32cube.ide.mcu.externaltools.gnu-tools-for-stm32.13.3.rel1.macos64_1.0.0.202411102158/tools/bin/../lib/gcc/arm-none-eabi/13.3.1/../../../../arm-none-eabi/lib/thumb/v8-m.main+fp/hard/libc_nano.a(libc_a-nano-vfprintf_float.o)
                0x0800dad4                _printf_float
 .text._printf_common
                0x0800df28       0xe4 /Applications/STM32CubeIDE.app/Contents/Eclipse/plugins/com.st.stm32cube.ide.mcu.externaltools.gnu-tools-for-stm32.13.3.rel1.macos64_1.0.0.202411102158/tools/bin/../lib/gcc/arm-none-eabi/13.3.1/../../../../arm-none-eabi/lib/thumb/v8-m.main+fp/hard/libc_nano.a(libc_a-nano-vfprintf_i.o)
                0x0800df28                _printf_common
 .text._printf_i
                0x0800e00c      0x23c /Applications/STM32CubeIDE.app/Contents/Eclipse/plugins/com.st.stm32cube.ide.mcu.externaltools.gnu-tools-for-stm32.13.3.rel1.macos64_1.0.0.202411102158/tools/bin/../lib/gcc/arm-none-eabi/13.3.1/../../../../arm-none-eabi/lib/thumb/v8-m.main+fp/hard/libc_nano.a(libc_a-nano-vfprintf_i.o)
                0x0800e00c                _printf_i
 .text._scanf_float
                0x0800e248      0x41c /Applications/STM32CubeIDE.app/Contents/Eclipse/plugins/com.st.stm32cube.ide.mcu.externaltools.gnu-tools-for-stm32.13.3.rel1.macos64_1.0.0.202411102158/tools/bin/../lib/gcc/arm-none-eabi/13.3.1/../../../../arm-none-eabi/lib/thumb/v8-m.main+fp/hard/libc_nano.a(libc_a-nano-vfscanf_float.o)
                0x0800e248                _scanf_float
 .text.snprintf
                0x0800e664       0x6c /Applications/STM32CubeIDE.app/Contents/Eclipse/plugins/com.st.stm32cube.ide.mcu.externaltools.gnu-tools-for-stm32.13.3.rel1.macos64_1.0.0.202411102158/tools/bin/../lib/gcc/arm-none-eabi/13.3.1/../../../../arm-none-eabi/lib/thumb/v8-m.main+fp/hard/libc_nano.a(libc_a-snprintf.o)
                0x0800e664                snprintf
                0x0800e664                sniprintf
 .text.sprintf  0x0800e6d0       0x44 /Applications/STM32CubeIDE.app/Contents/Eclipse/plugins/com.st.stm32cube.ide.mcu.externaltools.gnu-tools-for-stm32.13.3.rel1.macos64_1.0.0.202411102158/tools/bin/../lib/gcc/arm-none-eabi/13.3.1/../../../../arm-none-eabi/lib/thumb/v8-m.main+fp/hard/libc_nano.a(libc_a-sprintf.o)
                0x0800e6d0                sprintf
                0x0800e6d0                siprintf
 .text.std      0x0800e714       0x6c /Applications/STM32CubeIDE.app/Contents/Eclipse/plugins/com.st.stm32cube.ide.mcu.externaltools.gnu-tools-for-stm32.13.3.rel1.macos64_1.0.0.202411102158/tools/bin/../lib/gcc/arm-none-eabi/13.3.1/../../../../arm-none-eabi/lib/thumb/v8-m.main+fp/hard/libc_nano.a(libc_a-findfp.o)
 .text.stdio_exit_handler
                0x0800e780       0x18 /Applications/STM32CubeIDE.app/Contents/Eclipse/plugins/com.st.stm32cube.ide.mcu.externaltools.gnu-tools-for-stm32.13.3.rel1.macos64_1.0.0.202411102158/tools/bin/../lib/gcc/arm-none-eabi/13.3.1/../../../../arm-none-eabi/lib/thumb/v8-m.main+fp/hard/libc_nano.a(libc_a-findfp.o)
 .text.cleanup_stdio
                0x0800e798       0x40 /Applications/STM32CubeIDE.app/Contents/Eclipse/plugins/com.st.stm32cube.ide.mcu.externaltools.gnu-tools-for-stm32.13.3.rel1.macos64_1.0.0.202411102158/tools/bin/../lib/gcc/arm-none-eabi/13.3.1/../../../../arm-none-eabi/lib/thumb/v8-m.main+fp/hard/libc_nano.a(libc_a-findfp.o)
 .text.global_stdio_init.part.0
                0x0800e7d8       0x3c /Applications/STM32CubeIDE.app/Contents/Eclipse/plugins/com.st.stm32cube.ide.mcu.externaltools.gnu-tools-for-stm32.13.3.rel1.macos64_1.0.0.202411102158/tools/bin/../lib/gcc/arm-none-eabi/13.3.1/../../../../arm-none-eabi/lib/thumb/v8-m.main+fp/hard/libc_nano.a(libc_a-findfp.o)
 .text.__sfp_lock_acquire
                0x0800e814        0xc /Applications/STM32CubeIDE.app/Contents/Eclipse/plugins/com.st.stm32cube.ide.mcu.externaltools.gnu-tools-for-stm32.13.3.rel1.macos64_1.0.0.202411102158/tools/bin/../lib/gcc/arm-none-eabi/13.3.1/../../../../arm-none-eabi/lib/thumb/v8-m.main+fp/hard/libc_nano.a(libc_a-findfp.o)
                0x0800e814                __sfp_lock_acquire
 .text.__sfp_lock_release
                0x0800e820        0xc /Applications/STM32CubeIDE.app/Contents/Eclipse/plugins/com.st.stm32cube.ide.mcu.externaltools.gnu-tools-for-stm32.13.3.rel1.macos64_1.0.0.202411102158/tools/bin/../lib/gcc/arm-none-eabi/13.3.1/../../../../arm-none-eabi/lib/thumb/v8-m.main+fp/hard/libc_nano.a(libc_a-findfp.o)
                0x0800e820                __sfp_lock_release
 .text.__sinit  0x0800e82c       0x30 /Applications/STM32CubeIDE.app/Contents/Eclipse/plugins/com.st.stm32cube.ide.mcu.externaltools.gnu-tools-for-stm32.13.3.rel1.macos64_1.0.0.202411102158/tools/bin/../lib/gcc/arm-none-eabi/13.3.1/../../../../arm-none-eabi/lib/thumb/v8-m.main+fp/hard/libc_nano.a(libc_a-findfp.o)
                0x0800e82c                __sinit
 .text.sulp     0x0800e85c       0x3c /Applications/STM32CubeIDE.app/Contents/Eclipse/plugins/com.st.stm32cube.ide.mcu.externaltools.gnu-tools-for-stm32.13.3.rel1.macos64_1.0.0.202411102158/tools/bin/../lib/gcc/arm-none-eabi/13.3.1/../../../../arm-none-eabi/lib/thumb/v8-m.main+fp/hard/libc_nano.a(libc_a-strtod.o)
 .text._strtod_l
                0x0800e898      0xbc8 /Applications/STM32CubeIDE.app/Contents/Eclipse/plugins/com.st.stm32cube.ide.mcu.externaltools.gnu-tools-for-stm32.13.3.rel1.macos64_1.0.0.202411102158/tools/bin/../lib/gcc/arm-none-eabi/13.3.1/../../../../arm-none-eabi/lib/thumb/v8-m.main+fp/hard/libc_nano.a(libc_a-strtod.o)
                0x0800e898                _strtod_l
 .text._strtod_r
                0x0800f460        0xc /Applications/STM32CubeIDE.app/Contents/Eclipse/plugins/com.st.stm32cube.ide.mcu.externaltools.gnu-tools-for-stm32.13.3.rel1.macos64_1.0.0.202411102158/tools/bin/../lib/gcc/arm-none-eabi/13.3.1/../../../../arm-none-eabi/lib/thumb/v8-m.main+fp/hard/libc_nano.a(libc_a-strtod.o)
                0x0800f460                _strtod_r
 .text._strtol_l.isra.0
                0x0800f46c       0xf4 /Applications/STM32CubeIDE.app/Contents/Eclipse/plugins/com.st.stm32cube.ide.mcu.externaltools.gnu-tools-for-stm32.13.3.rel1.macos64_1.0.0.202411102158/tools/bin/../lib/gcc/arm-none-eabi/13.3.1/../../../../arm-none-eabi/lib/thumb/v8-m.main+fp/hard/libc_nano.a(libc_a-strtol.o)
 .text._strtol_r
                0x0800f560        0x4 /Applications/STM32CubeIDE.app/Contents/Eclipse/plugins/com.st.stm32cube.ide.mcu.externaltools.gnu-tools-for-stm32.13.3.rel1.macos64_1.0.0.202411102158/tools/bin/../lib/gcc/arm-none-eabi/13.3.1/../../../../arm-none-eabi/lib/thumb/v8-m.main+fp/hard/libc_nano.a(libc_a-strtol.o)
                0x0800f560                _strtol_r
 .text._fwalk_sglue
                0x0800f564       0x3c /Applications/STM32CubeIDE.app/Contents/Eclipse/plugins/com.st.stm32cube.ide.mcu.externaltools.gnu-tools-for-stm32.13.3.rel1.macos64_1.0.0.202411102158/tools/bin/../lib/gcc/arm-none-eabi/13.3.1/../../../../arm-none-eabi/lib/thumb/v8-m.main+fp/hard/libc_nano.a(libc_a-fwalk.o)
                0x0800f564                _fwalk_sglue
 .text.memset   0x0800f5a0       0x10 /Applications/STM32CubeIDE.app/Contents/Eclipse/plugins/com.st.stm32cube.ide.mcu.externaltools.gnu-tools-for-stm32.13.3.rel1.macos64_1.0.0.202411102158/tools/bin/../lib/gcc/arm-none-eabi/13.3.1/../../../../arm-none-eabi/lib/thumb/v8-m.main+fp/hard/libc_nano.a(libc_a-memset.o)
                0x0800f5a0                memset
 .text.strncmp  0x0800f5b0       0x24 /Applications/STM32CubeIDE.app/Contents/Eclipse/plugins/com.st.stm32cube.ide.mcu.externaltools.gnu-tools-for-stm32.13.3.rel1.macos64_1.0.0.202411102158/tools/bin/../lib/gcc/arm-none-eabi/13.3.1/../../../../arm-none-eabi/lib/thumb/v8-m.main+fp/hard/libc_nano.a(libc_a-strncmp.o)
                0x0800f5b0                strncmp
 .text.__errno  0x0800f5d4        0xc /Applications/STM32CubeIDE.app/Contents/Eclipse/plugins/com.st.stm32cube.ide.mcu.externaltools.gnu-tools-for-stm32.13.3.rel1.macos64_1.0.0.202411102158/tools/bin/../lib/gcc/arm-none-eabi/13.3.1/../../../../arm-none-eabi/lib/thumb/v8-m.main+fp/hard/libc_nano.a(libc_a-errno.o)
                0x0800f5d4                __errno
 .text.__libc_init_array
                0x0800f5e0       0x48 /Applications/STM32CubeIDE.app/Contents/Eclipse/plugins/com.st.stm32cube.ide.mcu.externaltools.gnu-tools-for-stm32.13.3.rel1.macos64_1.0.0.202411102158/tools/bin/../lib/gcc/arm-none-eabi/13.3.1/../../../../arm-none-eabi/lib/thumb/v8-m.main+fp/hard/libc_nano.a(libc_a-init.o)
                0x0800f5e0                __libc_init_array
 .text.__retarget_lock_init_recursive
                0x0800f628        0x2 /Applications/STM32CubeIDE.app/Contents/Eclipse/plugins/com.st.stm32cube.ide.mcu.externaltools.gnu-tools-for-stm32.13.3.rel1.macos64_1.0.0.202411102158/tools/bin/../lib/gcc/arm-none-eabi/13.3.1/../../../../arm-none-eabi/lib/thumb/v8-m.main+fp/hard/libc_nano.a(libc_a-lock.o)
                0x0800f628                __retarget_lock_init_recursive
 .text.__retarget_lock_acquire_recursive
                0x0800f62a        0x2 /Applications/STM32CubeIDE.app/Contents/Eclipse/plugins/com.st.stm32cube.ide.mcu.externaltools.gnu-tools-for-stm32.13.3.rel1.macos64_1.0.0.202411102158/tools/bin/../lib/gcc/arm-none-eabi/13.3.1/../../../../arm-none-eabi/lib/thumb/v8-m.main+fp/hard/libc_nano.a(libc_a-lock.o)
                0x0800f62a                __retarget_lock_acquire_recursive
 .text.__retarget_lock_release_recursive
                0x0800f62c        0x2 /Applications/STM32CubeIDE.app/Contents/Eclipse/plugins/com.st.stm32cube.ide.mcu.externaltools.gnu-tools-for-stm32.13.3.rel1.macos64_1.0.0.202411102158/tools/bin/../lib/gcc/arm-none-eabi/13.3.1/../../../../arm-none-eabi/lib/thumb/v8-m.main+fp/hard/libc_nano.a(libc_a-lock.o)
                0x0800f62c                __retarget_lock_release_recursive
 *fill*         0x0800f62e        0x2 
 .text._localeconv_r
                0x0800f630        0x8 /Applications/STM32CubeIDE.app/Contents/Eclipse/plugins/com.st.stm32cube.ide.mcu.externaltools.gnu-tools-for-stm32.13.3.rel1.macos64_1.0.0.202411102158/tools/bin/../lib/gcc/arm-none-eabi/13.3.1/../../../../arm-none-eabi/lib/thumb/v8-m.main+fp/hard/libc_nano.a(libc_a-localeconv.o)
                0x0800f630                _localeconv_r
 .text.memchr   0x0800f638       0x1c /Applications/STM32CubeIDE.app/Contents/Eclipse/plugins/com.st.stm32cube.ide.mcu.externaltools.gnu-tools-for-stm32.13.3.rel1.macos64_1.0.0.202411102158/tools/bin/../lib/gcc/arm-none-eabi/13.3.1/../../../../arm-none-eabi/lib/thumb/v8-m.main+fp/hard/libc_nano.a(libc_a-memchr-stub.o)
                0x0800f638                memchr
 .text.memcpy   0x0800f654       0x1a /Applications/STM32CubeIDE.app/Contents/Eclipse/plugins/com.st.stm32cube.ide.mcu.externaltools.gnu-tools-for-stm32.13.3.rel1.macos64_1.0.0.202411102158/tools/bin/../lib/gcc/arm-none-eabi/13.3.1/../../../../arm-none-eabi/lib/thumb/v8-m.main+fp/hard/libc_nano.a(libc_a-memcpy-stub.o)
                0x0800f654                memcpy
 *fill*         0x0800f66e        0x2 
 .text.nan      0x0800f670       0x10 /Applications/STM32CubeIDE.app/Contents/Eclipse/plugins/com.st.stm32cube.ide.mcu.externaltools.gnu-tools-for-stm32.13.3.rel1.macos64_1.0.0.202411102158/tools/bin/../lib/gcc/arm-none-eabi/13.3.1/../../../../arm-none-eabi/lib/thumb/v8-m.main+fp/hard/libc_nano.a(libm_a-s_nan.o)
                0x0800f670                nan
 .text.nanf     0x0800f680        0xc /Applications/STM32CubeIDE.app/Contents/Eclipse/plugins/com.st.stm32cube.ide.mcu.externaltools.gnu-tools-for-stm32.13.3.rel1.macos64_1.0.0.202411102158/tools/bin/../lib/gcc/arm-none-eabi/13.3.1/../../../../arm-none-eabi/lib/thumb/v8-m.main+fp/hard/libc_nano.a(libm_a-sf_nan.o)
                0x0800f680                nanf
 .text.quorem   0x0800f68c      0x11a /Applications/STM32CubeIDE.app/Contents/Eclipse/plugins/com.st.stm32cube.ide.mcu.externaltools.gnu-tools-for-stm32.13.3.rel1.macos64_1.0.0.202411102158/tools/bin/../lib/gcc/arm-none-eabi/13.3.1/../../../../arm-none-eabi/lib/thumb/v8-m.main+fp/hard/libc_nano.a(libc_a-dtoa.o)
 *fill*         0x0800f7a6        0x2 
 .text._dtoa_r  0x0800f7a8      0xba4 /Applications/STM32CubeIDE.app/Contents/Eclipse/plugins/com.st.stm32cube.ide.mcu.externaltools.gnu-tools-for-stm32.13.3.rel1.macos64_1.0.0.202411102158/tools/bin/../lib/gcc/arm-none-eabi/13.3.1/../../../../arm-none-eabi/lib/thumb/v8-m.main+fp/hard/libc_nano.a(libc_a-dtoa.o)
                0x0800f7a8                _dtoa_r
 .text.rshift   0x0801034c       0xa2 /Applications/STM32CubeIDE.app/Contents/Eclipse/plugins/com.st.stm32cube.ide.mcu.externaltools.gnu-tools-for-stm32.13.3.rel1.macos64_1.0.0.202411102158/tools/bin/../lib/gcc/arm-none-eabi/13.3.1/../../../../arm-none-eabi/lib/thumb/v8-m.main+fp/hard/libc_nano.a(libc_a-gdtoa-gethex.o)
 .text.__hexdig_fun
                0x080103ee       0x2a /Applications/STM32CubeIDE.app/Contents/Eclipse/plugins/com.st.stm32cube.ide.mcu.externaltools.gnu-tools-for-stm32.13.3.rel1.macos64_1.0.0.202411102158/tools/bin/../lib/gcc/arm-none-eabi/13.3.1/../../../../arm-none-eabi/lib/thumb/v8-m.main+fp/hard/libc_nano.a(libc_a-gdtoa-gethex.o)
                0x080103ee                __hexdig_fun
 .text.__gethex
                0x08010418      0x41c /Applications/STM32CubeIDE.app/Contents/Eclipse/plugins/com.st.stm32cube.ide.mcu.externaltools.gnu-tools-for-stm32.13.3.rel1.macos64_1.0.0.202411102158/tools/bin/../lib/gcc/arm-none-eabi/13.3.1/../../../../arm-none-eabi/lib/thumb/v8-m.main+fp/hard/libc_nano.a(libc_a-gdtoa-gethex.o)
                0x08010418                __gethex
 .text.L_shift  0x08010834       0x24 /Applications/STM32CubeIDE.app/Contents/Eclipse/plugins/com.st.stm32cube.ide.mcu.externaltools.gnu-tools-for-stm32.13.3.rel1.macos64_1.0.0.202411102158/tools/bin/../lib/gcc/arm-none-eabi/13.3.1/../../../../arm-none-eabi/lib/thumb/v8-m.main+fp/hard/libc_nano.a(libc_a-gdtoa-hexnan.o)
 .text.__match  0x08010858       0x28 /Applications/STM32CubeIDE.app/Contents/Eclipse/plugins/com.st.stm32cube.ide.mcu.externaltools.gnu-tools-for-stm32.13.3.rel1.macos64_1.0.0.202411102158/tools/bin/../lib/gcc/arm-none-eabi/13.3.1/../../../../arm-none-eabi/lib/thumb/v8-m.main+fp/hard/libc_nano.a(libc_a-gdtoa-hexnan.o)
                0x08010858                __match
 .text.__hexnan
                0x08010880      0x136 /Applications/STM32CubeIDE.app/Contents/Eclipse/plugins/com.st.stm32cube.ide.mcu.externaltools.gnu-tools-for-stm32.13.3.rel1.macos64_1.0.0.202411102158/tools/bin/../lib/gcc/arm-none-eabi/13.3.1/../../../../arm-none-eabi/lib/thumb/v8-m.main+fp/hard/libc_nano.a(libc_a-gdtoa-hexnan.o)
                0x08010880                __hexnan
 .text.__ssputs_r
                0x080109b6       0xb6 /Applications/STM32CubeIDE.app/Contents/Eclipse/plugins/com.st.stm32cube.ide.mcu.externaltools.gnu-tools-for-stm32.13.3.rel1.macos64_1.0.0.202411102158/tools/bin/../lib/gcc/arm-none-eabi/13.3.1/../../../../arm-none-eabi/lib/thumb/v8-m.main+fp/hard/libc_nano.a(libc_a-nano-svfprintf.o)
                0x080109b6                __ssputs_r
 .text._svfprintf_r
                0x08010a6c      0x1f8 /Applications/STM32CubeIDE.app/Contents/Eclipse/plugins/com.st.stm32cube.ide.mcu.externaltools.gnu-tools-for-stm32.13.3.rel1.macos64_1.0.0.202411102158/tools/bin/../lib/gcc/arm-none-eabi/13.3.1/../../../../arm-none-eabi/lib/thumb/v8-m.main+fp/hard/libc_nano.a(libc_a-nano-svfprintf.o)
                0x08010a6c                _svfprintf_r
                0x08010a6c                _svfiprintf_r
 .text.malloc   0x08010c64       0x10 /Applications/STM32CubeIDE.app/Contents/Eclipse/plugins/com.st.stm32cube.ide.mcu.externaltools.gnu-tools-for-stm32.13.3.rel1.macos64_1.0.0.202411102158/tools/bin/../lib/gcc/arm-none-eabi/13.3.1/../../../../arm-none-eabi/lib/thumb/v8-m.main+fp/hard/libc_nano.a(libc_a-malloc.o)
                0x08010c64                malloc
 .text.sbrk_aligned
                0x08010c74       0x44 /Applications/STM32CubeIDE.app/Contents/Eclipse/plugins/com.st.stm32cube.ide.mcu.externaltools.gnu-tools-for-stm32.13.3.rel1.macos64_1.0.0.202411102158/tools/bin/../lib/gcc/arm-none-eabi/13.3.1/../../../../arm-none-eabi/lib/thumb/v8-m.main+fp/hard/libc_nano.a(libc_a-mallocr.o)
 .text._malloc_r
                0x08010cb8      0x100 /Applications/STM32CubeIDE.app/Contents/Eclipse/plugins/com.st.stm32cube.ide.mcu.externaltools.gnu-tools-for-stm32.13.3.rel1.macos64_1.0.0.202411102158/tools/bin/../lib/gcc/arm-none-eabi/13.3.1/../../../../arm-none-eabi/lib/thumb/v8-m.main+fp/hard/libc_nano.a(libc_a-mallocr.o)
                0x08010cb8                _malloc_r
 .text.__ascii_mbtowc
                0x08010db8       0x24 /Applications/STM32CubeIDE.app/Contents/Eclipse/plugins/com.st.stm32cube.ide.mcu.externaltools.gnu-tools-for-stm32.13.3.rel1.macos64_1.0.0.202411102158/tools/bin/../lib/gcc/arm-none-eabi/13.3.1/../../../../arm-none-eabi/lib/thumb/v8-m.main+fp/hard/libc_nano.a(libc_a-mbtowc_r.o)
                0x08010db8                __ascii_mbtowc
 .text.__sflush_r
                0x08010ddc      0x108 /Applications/STM32CubeIDE.app/Contents/Eclipse/plugins/com.st.stm32cube.ide.mcu.externaltools.gnu-tools-for-stm32.13.3.rel1.macos64_1.0.0.202411102158/tools/bin/../lib/gcc/arm-none-eabi/13.3.1/../../../../arm-none-eabi/lib/thumb/v8-m.main+fp/hard/libc_nano.a(libc_a-fflush.o)
                0x08010ddc                __sflush_r
 .text._fflush_r
                0x08010ee4       0x50 /Applications/STM32CubeIDE.app/Contents/Eclipse/plugins/com.st.stm32cube.ide.mcu.externaltools.gnu-tools-for-stm32.13.3.rel1.macos64_1.0.0.202411102158/tools/bin/../lib/gcc/arm-none-eabi/13.3.1/../../../../arm-none-eabi/lib/thumb/v8-m.main+fp/hard/libc_nano.a(libc_a-fflush.o)
                0x08010ee4                _fflush_r
 .text.__malloc_lock
                0x08010f34        0xc /Applications/STM32CubeIDE.app/Contents/Eclipse/plugins/com.st.stm32cube.ide.mcu.externaltools.gnu-tools-for-stm32.13.3.rel1.macos64_1.0.0.202411102158/tools/bin/../lib/gcc/arm-none-eabi/13.3.1/../../../../arm-none-eabi/lib/thumb/v8-m.main+fp/hard/libc_nano.a(libc_a-mlock.o)
                0x08010f34                __malloc_lock
 .text.__malloc_unlock
                0x08010f40        0xc /Applications/STM32CubeIDE.app/Contents/Eclipse/plugins/com.st.stm32cube.ide.mcu.externaltools.gnu-tools-for-stm32.13.3.rel1.macos64_1.0.0.202411102158/tools/bin/../lib/gcc/arm-none-eabi/13.3.1/../../../../arm-none-eabi/lib/thumb/v8-m.main+fp/hard/libc_nano.a(libc_a-mlock.o)
                0x08010f40                __malloc_unlock
 .text._Balloc  0x08010f4c       0x80 /Applications/STM32CubeIDE.app/Contents/Eclipse/plugins/com.st.stm32cube.ide.mcu.externaltools.gnu-tools-for-stm32.13.3.rel1.macos64_1.0.0.202411102158/tools/bin/../lib/gcc/arm-none-eabi/13.3.1/../../../../arm-none-eabi/lib/thumb/v8-m.main+fp/hard/libc_nano.a(libc_a-mprec.o)
                0x08010f4c                _Balloc
 .text._Bfree   0x08010fcc       0x44 /Applications/STM32CubeIDE.app/Contents/Eclipse/plugins/com.st.stm32cube.ide.mcu.externaltools.gnu-tools-for-stm32.13.3.rel1.macos64_1.0.0.202411102158/tools/bin/../lib/gcc/arm-none-eabi/13.3.1/../../../../arm-none-eabi/lib/thumb/v8-m.main+fp/hard/libc_nano.a(libc_a-mprec.o)
                0x08010fcc                _Bfree
 .text.__multadd
                0x08011010       0x90 /Applications/STM32CubeIDE.app/Contents/Eclipse/plugins/com.st.stm32cube.ide.mcu.externaltools.gnu-tools-for-stm32.13.3.rel1.macos64_1.0.0.202411102158/tools/bin/../lib/gcc/arm-none-eabi/13.3.1/../../../../arm-none-eabi/lib/thumb/v8-m.main+fp/hard/libc_nano.a(libc_a-mprec.o)
                0x08011010                __multadd
 .text.__s2b    0x080110a0       0x94 /Applications/STM32CubeIDE.app/Contents/Eclipse/plugins/com.st.stm32cube.ide.mcu.externaltools.gnu-tools-for-stm32.13.3.rel1.macos64_1.0.0.202411102158/tools/bin/../lib/gcc/arm-none-eabi/13.3.1/../../../../arm-none-eabi/lib/thumb/v8-m.main+fp/hard/libc_nano.a(libc_a-mprec.o)
                0x080110a0                __s2b
 .text.__hi0bits
                0x08011134       0x3e /Applications/STM32CubeIDE.app/Contents/Eclipse/plugins/com.st.stm32cube.ide.mcu.externaltools.gnu-tools-for-stm32.13.3.rel1.macos64_1.0.0.202411102158/tools/bin/../lib/gcc/arm-none-eabi/13.3.1/../../../../arm-none-eabi/lib/thumb/v8-m.main+fp/hard/libc_nano.a(libc_a-mprec.o)
                0x08011134                __hi0bits
 .text.__lo0bits
                0x08011172       0x5a /Applications/STM32CubeIDE.app/Contents/Eclipse/plugins/com.st.stm32cube.ide.mcu.externaltools.gnu-tools-for-stm32.13.3.rel1.macos64_1.0.0.202411102158/tools/bin/../lib/gcc/arm-none-eabi/13.3.1/../../../../arm-none-eabi/lib/thumb/v8-m.main+fp/hard/libc_nano.a(libc_a-mprec.o)
                0x08011172                __lo0bits
 .text.__i2b    0x080111cc       0x2c /Applications/STM32CubeIDE.app/Contents/Eclipse/plugins/com.st.stm32cube.ide.mcu.externaltools.gnu-tools-for-stm32.13.3.rel1.macos64_1.0.0.202411102158/tools/bin/../lib/gcc/arm-none-eabi/13.3.1/../../../../arm-none-eabi/lib/thumb/v8-m.main+fp/hard/libc_nano.a(libc_a-mprec.o)
                0x080111cc                __i2b
 .text.__multiply
                0x080111f8      0x148 /Applications/STM32CubeIDE.app/Contents/Eclipse/plugins/com.st.stm32cube.ide.mcu.externaltools.gnu-tools-for-stm32.13.3.rel1.macos64_1.0.0.202411102158/tools/bin/../lib/gcc/arm-none-eabi/13.3.1/../../../../arm-none-eabi/lib/thumb/v8-m.main+fp/hard/libc_nano.a(libc_a-mprec.o)
                0x080111f8                __multiply
 .text.__pow5mult
                0x08011340       0xb4 /Applications/STM32CubeIDE.app/Contents/Eclipse/plugins/com.st.stm32cube.ide.mcu.externaltools.gnu-tools-for-stm32.13.3.rel1.macos64_1.0.0.202411102158/tools/bin/../lib/gcc/arm-none-eabi/13.3.1/../../../../arm-none-eabi/lib/thumb/v8-m.main+fp/hard/libc_nano.a(libc_a-mprec.o)
                0x08011340                __pow5mult
 .text.__lshift
                0x080113f4       0xd8 /Applications/STM32CubeIDE.app/Contents/Eclipse/plugins/com.st.stm32cube.ide.mcu.externaltools.gnu-tools-for-stm32.13.3.rel1.macos64_1.0.0.202411102158/tools/bin/../lib/gcc/arm-none-eabi/13.3.1/../../../../arm-none-eabi/lib/thumb/v8-m.main+fp/hard/libc_nano.a(libc_a-mprec.o)
                0x080113f4                __lshift
 .text.__mcmp   0x080114cc       0x36 /Applications/STM32CubeIDE.app/Contents/Eclipse/plugins/com.st.stm32cube.ide.mcu.externaltools.gnu-tools-for-stm32.13.3.rel1.macos64_1.0.0.202411102158/tools/bin/../lib/gcc/arm-none-eabi/13.3.1/../../../../arm-none-eabi/lib/thumb/v8-m.main+fp/hard/libc_nano.a(libc_a-mprec.o)
                0x080114cc                __mcmp
 *fill*         0x08011502        0x2 
 .text.__mdiff  0x08011504      0x130 /Applications/STM32CubeIDE.app/Contents/Eclipse/plugins/com.st.stm32cube.ide.mcu.externaltools.gnu-tools-for-stm32.13.3.rel1.macos64_1.0.0.202411102158/tools/bin/../lib/gcc/arm-none-eabi/13.3.1/../../../../arm-none-eabi/lib/thumb/v8-m.main+fp/hard/libc_nano.a(libc_a-mprec.o)
                0x08011504                __mdiff
 .text.__ulp    0x08011634       0x4c /Applications/STM32CubeIDE.app/Contents/Eclipse/plugins/com.st.stm32cube.ide.mcu.externaltools.gnu-tools-for-stm32.13.3.rel1.macos64_1.0.0.202411102158/tools/bin/../lib/gcc/arm-none-eabi/13.3.1/../../../../arm-none-eabi/lib/thumb/v8-m.main+fp/hard/libc_nano.a(libc_a-mprec.o)
                0x08011634                __ulp
 .text.__b2d    0x08011680       0x9c /Applications/STM32CubeIDE.app/Contents/Eclipse/plugins/com.st.stm32cube.ide.mcu.externaltools.gnu-tools-for-stm32.13.3.rel1.macos64_1.0.0.202411102158/tools/bin/../lib/gcc/arm-none-eabi/13.3.1/../../../../arm-none-eabi/lib/thumb/v8-m.main+fp/hard/libc_nano.a(libc_a-mprec.o)
                0x08011680                __b2d
 .text.__d2b    0x0801171c       0xb0 /Applications/STM32CubeIDE.app/Contents/Eclipse/plugins/com.st.stm32cube.ide.mcu.externaltools.gnu-tools-for-stm32.13.3.rel1.macos64_1.0.0.202411102158/tools/bin/../lib/gcc/arm-none-eabi/13.3.1/../../../../arm-none-eabi/lib/thumb/v8-m.main+fp/hard/libc_nano.a(libc_a-mprec.o)
                0x0801171c                __d2b
 .text.__ratio  0x080117cc       0x64 /Applications/STM32CubeIDE.app/Contents/Eclipse/plugins/com.st.stm32cube.ide.mcu.externaltools.gnu-tools-for-stm32.13.3.rel1.macos64_1.0.0.202411102158/tools/bin/../lib/gcc/arm-none-eabi/13.3.1/../../../../arm-none-eabi/lib/thumb/v8-m.main+fp/hard/libc_nano.a(libc_a-mprec.o)
                0x080117cc                __ratio
 .text.__copybits
                0x08011830       0x46 /Applications/STM32CubeIDE.app/Contents/Eclipse/plugins/com.st.stm32cube.ide.mcu.externaltools.gnu-tools-for-stm32.13.3.rel1.macos64_1.0.0.202411102158/tools/bin/../lib/gcc/arm-none-eabi/13.3.1/../../../../arm-none-eabi/lib/thumb/v8-m.main+fp/hard/libc_nano.a(libc_a-mprec.o)
                0x08011830                __copybits
 .text.__any_on
                0x08011876       0x42 /Applications/STM32CubeIDE.app/Contents/Eclipse/plugins/com.st.stm32cube.ide.mcu.externaltools.gnu-tools-for-stm32.13.3.rel1.macos64_1.0.0.202411102158/tools/bin/../lib/gcc/arm-none-eabi/13.3.1/../../../../arm-none-eabi/lib/thumb/v8-m.main+fp/hard/libc_nano.a(libc_a-mprec.o)
                0x08011876                __any_on
 .text.__sread  0x080118b8       0x22 /Applications/STM32CubeIDE.app/Contents/Eclipse/plugins/com.st.stm32cube.ide.mcu.externaltools.gnu-tools-for-stm32.13.3.rel1.macos64_1.0.0.202411102158/tools/bin/../lib/gcc/arm-none-eabi/13.3.1/../../../../arm-none-eabi/lib/thumb/v8-m.main+fp/hard/libc_nano.a(libc_a-stdio.o)
                0x080118b8                __sread
 .text.__swrite
                0x080118da       0x38 /Applications/STM32CubeIDE.app/Contents/Eclipse/plugins/com.st.stm32cube.ide.mcu.externaltools.gnu-tools-for-stm32.13.3.rel1.macos64_1.0.0.202411102158/tools/bin/../lib/gcc/arm-none-eabi/13.3.1/../../../../arm-none-eabi/lib/thumb/v8-m.main+fp/hard/libc_nano.a(libc_a-stdio.o)
                0x080118da                __swrite
 .text.__sseek  0x08011912       0x24 /Applications/STM32CubeIDE.app/Contents/Eclipse/plugins/com.st.stm32cube.ide.mcu.externaltools.gnu-tools-for-stm32.13.3.rel1.macos64_1.0.0.202411102158/tools/bin/../lib/gcc/arm-none-eabi/13.3.1/../../../../arm-none-eabi/lib/thumb/v8-m.main+fp/hard/libc_nano.a(libc_a-stdio.o)
                0x08011912                __sseek
 .text.__sclose
                0x08011936        0x8 /Applications/STM32CubeIDE.app/Contents/Eclipse/plugins/com.st.stm32cube.ide.mcu.externaltools.gnu-tools-for-stm32.13.3.rel1.macos64_1.0.0.202411102158/tools/bin/../lib/gcc/arm-none-eabi/13.3.1/../../../../arm-none-eabi/lib/thumb/v8-m.main+fp/hard/libc_nano.a(libc_a-stdio.o)
                0x08011936                __sclose
 .text._realloc_r
                0x0801193e       0x5c /Applications/STM32CubeIDE.app/Contents/Eclipse/plugins/com.st.stm32cube.ide.mcu.externaltools.gnu-tools-for-stm32.13.3.rel1.macos64_1.0.0.202411102158/tools/bin/../lib/gcc/arm-none-eabi/13.3.1/../../../../arm-none-eabi/lib/thumb/v8-m.main+fp/hard/libc_nano.a(libc_a-reallocr.o)
                0x0801193e                _realloc_r
 .text.__ascii_wctomb
                0x0801199a       0x1a /Applications/STM32CubeIDE.app/Contents/Eclipse/plugins/com.st.stm32cube.ide.mcu.externaltools.gnu-tools-for-stm32.13.3.rel1.macos64_1.0.0.202411102158/tools/bin/../lib/gcc/arm-none-eabi/13.3.1/../../../../arm-none-eabi/lib/thumb/v8-m.main+fp/hard/libc_nano.a(libc_a-wctomb_r.o)
                0x0801199a                __ascii_wctomb
 .text.memmove  0x080119b4       0x34 /Applications/STM32CubeIDE.app/Contents/Eclipse/plugins/com.st.stm32cube.ide.mcu.externaltools.gnu-tools-for-stm32.13.3.rel1.macos64_1.0.0.202411102158/tools/bin/../lib/gcc/arm-none-eabi/13.3.1/../../../../arm-none-eabi/lib/thumb/v8-m.main+fp/hard/libc_nano.a(libc_a-memmove.o)
                0x080119b4                memmove
 .text._lseek_r
                0x080119e8       0x24 /Applications/STM32CubeIDE.app/Contents/Eclipse/plugins/com.st.stm32cube.ide.mcu.externaltools.gnu-tools-for-stm32.13.3.rel1.macos64_1.0.0.202411102158/tools/bin/../lib/gcc/arm-none-eabi/13.3.1/../../../../arm-none-eabi/lib/thumb/v8-m.main+fp/hard/libc_nano.a(libc_a-lseekr.o)
                0x080119e8                _lseek_r
 .text._read_r  0x08011a0c       0x24 /Applications/STM32CubeIDE.app/Contents/Eclipse/plugins/com.st.stm32cube.ide.mcu.externaltools.gnu-tools-for-stm32.13.3.rel1.macos64_1.0.0.202411102158/tools/bin/../lib/gcc/arm-none-eabi/13.3.1/../../../../arm-none-eabi/lib/thumb/v8-m.main+fp/hard/libc_nano.a(libc_a-readr.o)
                0x08011a0c                _read_r
 .text._sbrk_r  0x08011a30       0x20 /Applications/STM32CubeIDE.app/Contents/Eclipse/plugins/com.st.stm32cube.ide.mcu.externaltools.gnu-tools-for-stm32.13.3.rel1.macos64_1.0.0.202411102158/tools/bin/../lib/gcc/arm-none-eabi/13.3.1/../../../../arm-none-eabi/lib/thumb/v8-m.main+fp/hard/libc_nano.a(libc_a-sbrkr.o)
                0x08011a30                _sbrk_r
 .text._write_r
                0x08011a50       0x24 /Applications/STM32CubeIDE.app/Contents/Eclipse/plugins/com.st.stm32cube.ide.mcu.externaltools.gnu-tools-for-stm32.13.3.rel1.macos64_1.0.0.202411102158/tools/bin/../lib/gcc/arm-none-eabi/13.3.1/../../../../arm-none-eabi/lib/thumb/v8-m.main+fp/hard/libc_nano.a(libc_a-writer.o)
                0x08011a50                _write_r
 .text._close_r
                0x08011a74       0x20 /Applications/STM32CubeIDE.app/Contents/Eclipse/plugins/com.st.stm32cube.ide.mcu.externaltools.gnu-tools-for-stm32.13.3.rel1.macos64_1.0.0.202411102158/tools/bin/../lib/gcc/arm-none-eabi/13.3.1/../../../../arm-none-eabi/lib/thumb/v8-m.main+fp/hard/libc_nano.a(libc_a-closer.o)
                0x08011a74                _close_r
 .text.__assert_func
                0x08011a94       0x3c /Applications/STM32CubeIDE.app/Contents/Eclipse/plugins/com.st.stm32cube.ide.mcu.externaltools.gnu-tools-for-stm32.13.3.rel1.macos64_1.0.0.202411102158/tools/bin/../lib/gcc/arm-none-eabi/13.3.1/../../../../arm-none-eabi/lib/thumb/v8-m.main+fp/hard/libc_nano.a(libc_a-assert.o)
                0x08011a94                __assert_func
 .text._calloc_r
                0x08011ad0       0x28 /Applications/STM32CubeIDE.app/Contents/Eclipse/plugins/com.st.stm32cube.ide.mcu.externaltools.gnu-tools-for-stm32.13.3.rel1.macos64_1.0.0.202411102158/tools/bin/../lib/gcc/arm-none-eabi/13.3.1/../../../../arm-none-eabi/lib/thumb/v8-m.main+fp/hard/libc_nano.a(libc_a-callocr.o)
                0x08011ad0                _calloc_r
 .text._free_r  0x08011af8       0x94 /Applications/STM32CubeIDE.app/Contents/Eclipse/plugins/com.st.stm32cube.ide.mcu.externaltools.gnu-tools-for-stm32.13.3.rel1.macos64_1.0.0.202411102158/tools/bin/../lib/gcc/arm-none-eabi/13.3.1/../../../../arm-none-eabi/lib/thumb/v8-m.main+fp/hard/libc_nano.a(libc_a-freer.o)
                0x08011af8                _free_r
 .text._malloc_usable_size_r
                0x08011b8c       0x10 /Applications/STM32CubeIDE.app/Contents/Eclipse/plugins/com.st.stm32cube.ide.mcu.externaltools.gnu-tools-for-stm32.13.3.rel1.macos64_1.0.0.202411102158/tools/bin/../lib/gcc/arm-none-eabi/13.3.1/../../../../arm-none-eabi/lib/thumb/v8-m.main+fp/hard/libc_nano.a(libc_a-msizer.o)
                0x08011b8c                _malloc_usable_size_r
 .text.fprintf  0x08011b9c       0x24 /Applications/STM32CubeIDE.app/Contents/Eclipse/plugins/com.st.stm32cube.ide.mcu.externaltools.gnu-tools-for-stm32.13.3.rel1.macos64_1.0.0.202411102158/tools/bin/../lib/gcc/arm-none-eabi/13.3.1/../../../../arm-none-eabi/lib/thumb/v8-m.main+fp/hard/libc_nano.a(libc_a-fprintf.o)
                0x08011b9c                fprintf
                0x08011b9c                fiprintf
 .text.abort    0x08011bc0        0xe /Applications/STM32CubeIDE.app/Contents/Eclipse/plugins/com.st.stm32cube.ide.mcu.externaltools.gnu-tools-for-stm32.13.3.rel1.macos64_1.0.0.202411102158/tools/bin/../lib/gcc/arm-none-eabi/13.3.1/../../../../arm-none-eabi/lib/thumb/v8-m.main+fp/hard/libc_nano.a(libc_a-abort.o)
                0x08011bc0                abort
 .text.__sfputc_r
                0x08011bce       0x2e /Applications/STM32CubeIDE.app/Contents/Eclipse/plugins/com.st.stm32cube.ide.mcu.externaltools.gnu-tools-for-stm32.13.3.rel1.macos64_1.0.0.202411102158/tools/bin/../lib/gcc/arm-none-eabi/13.3.1/../../../../arm-none-eabi/lib/thumb/v8-m.main+fp/hard/libc_nano.a(libc_a-nano-vfprintf.o)
 .text.__sfputs_r
                0x08011bfc       0x24 /Applications/STM32CubeIDE.app/Contents/Eclipse/plugins/com.st.stm32cube.ide.mcu.externaltools.gnu-tools-for-stm32.13.3.rel1.macos64_1.0.0.202411102158/tools/bin/../lib/gcc/arm-none-eabi/13.3.1/../../../../arm-none-eabi/lib/thumb/v8-m.main+fp/hard/libc_nano.a(libc_a-nano-vfprintf.o)
                0x08011bfc                __sfputs_r
 .text._vfprintf_r
                0x08011c20      0x230 /Applications/STM32CubeIDE.app/Contents/Eclipse/plugins/com.st.stm32cube.ide.mcu.externaltools.gnu-tools-for-stm32.13.3.rel1.macos64_1.0.0.202411102158/tools/bin/../lib/gcc/arm-none-eabi/13.3.1/../../../../arm-none-eabi/lib/thumb/v8-m.main+fp/hard/libc_nano.a(libc_a-nano-vfprintf.o)
                0x08011c20                _vfiprintf_r
                0x08011c20                _vfprintf_r
 .text.__swbuf_r
                0x08011e50       0x7c /Applications/STM32CubeIDE.app/Contents/Eclipse/plugins/com.st.stm32cube.ide.mcu.externaltools.gnu-tools-for-stm32.13.3.rel1.macos64_1.0.0.202411102158/tools/bin/../lib/gcc/arm-none-eabi/13.3.1/../../../../arm-none-eabi/lib/thumb/v8-m.main+fp/hard/libc_nano.a(libc_a-wbuf.o)
                0x08011e50                __swbuf_r
 .text.__swsetup_r
                0x08011ecc       0xac /Applications/STM32CubeIDE.app/Contents/Eclipse/plugins/com.st.stm32cube.ide.mcu.externaltools.gnu-tools-for-stm32.13.3.rel1.macos64_1.0.0.202411102158/tools/bin/../lib/gcc/arm-none-eabi/13.3.1/../../../../arm-none-eabi/lib/thumb/v8-m.main+fp/hard/libc_nano.a(libc_a-wsetup.o)
                0x08011ecc                __swsetup_r
 .text.__swhatbuf_r
                0x08011f78       0x4a /Applications/STM32CubeIDE.app/Contents/Eclipse/plugins/com.st.stm32cube.ide.mcu.externaltools.gnu-tools-for-stm32.13.3.rel1.macos64_1.0.0.202411102158/tools/bin/../lib/gcc/arm-none-eabi/13.3.1/../../../../arm-none-eabi/lib/thumb/v8-m.main+fp/hard/libc_nano.a(libc_a-makebuf.o)
                0x08011f78                __swhatbuf_r
 .text.__smakebuf_r
                0x08011fc2       0x78 /Applications/STM32CubeIDE.app/Contents/Eclipse/plugins/com.st.stm32cube.ide.mcu.externaltools.gnu-tools-for-stm32.13.3.rel1.macos64_1.0.0.202411102158/tools/bin/../lib/gcc/arm-none-eabi/13.3.1/../../../../arm-none-eabi/lib/thumb/v8-m.main+fp/hard/libc_nano.a(libc_a-makebuf.o)
                0x08011fc2                __smakebuf_r
 .text._raise_r
                0x0801203a       0x50 /Applications/STM32CubeIDE.app/Contents/Eclipse/plugins/com.st.stm32cube.ide.mcu.externaltools.gnu-tools-for-stm32.13.3.rel1.macos64_1.0.0.202411102158/tools/bin/../lib/gcc/arm-none-eabi/13.3.1/../../../../arm-none-eabi/lib/thumb/v8-m.main+fp/hard/libc_nano.a(libc_a-signal.o)
                0x0801203a                _raise_r
 *fill*         0x0801208a        0x2 
 .text.raise    0x0801208c       0x10 /Applications/STM32CubeIDE.app/Contents/Eclipse/plugins/com.st.stm32cube.ide.mcu.externaltools.gnu-tools-for-stm32.13.3.rel1.macos64_1.0.0.202411102158/tools/bin/../lib/gcc/arm-none-eabi/13.3.1/../../../../arm-none-eabi/lib/thumb/v8-m.main+fp/hard/libc_nano.a(libc_a-signal.o)
                0x0801208c                raise
 .text._isatty_r
                0x0801209c       0x20 /Applications/STM32CubeIDE.app/Contents/Eclipse/plugins/com.st.stm32cube.ide.mcu.externaltools.gnu-tools-for-stm32.13.3.rel1.macos64_1.0.0.202411102158/tools/bin/../lib/gcc/arm-none-eabi/13.3.1/../../../../arm-none-eabi/lib/thumb/v8-m.main+fp/hard/libc_nano.a(libc_a-isattyr.o)
                0x0801209c                _isatty_r
 .text._kill_r  0x080120bc       0x24 /Applications/STM32CubeIDE.app/Contents/Eclipse/plugins/com.st.stm32cube.ide.mcu.externaltools.gnu-tools-for-stm32.13.3.rel1.macos64_1.0.0.202411102158/tools/bin/../lib/gcc/arm-none-eabi/13.3.1/../../../../arm-none-eabi/lib/thumb/v8-m.main+fp/hard/libc_nano.a(libc_a-signalr.o)
                0x080120bc                _kill_r
 .text._getpid_r
                0x080120e0        0x4 /Applications/STM32CubeIDE.app/Contents/Eclipse/plugins/com.st.stm32cube.ide.mcu.externaltools.gnu-tools-for-stm32.13.3.rel1.macos64_1.0.0.202411102158/tools/bin/../lib/gcc/arm-none-eabi/13.3.1/../../../../arm-none-eabi/lib/thumb/v8-m.main+fp/hard/libc_nano.a(libc_a-signalr.o)
                0x080120e0                _getpid_r
 .text._fstat_r
                0x080120e4       0x24 /Applications/STM32CubeIDE.app/Contents/Eclipse/plugins/com.st.stm32cube.ide.mcu.externaltools.gnu-tools-for-stm32.13.3.rel1.macos64_1.0.0.202411102158/tools/bin/../lib/gcc/arm-none-eabi/13.3.1/../../../../arm-none-eabi/lib/thumb/v8-m.main+fp/hard/libc_nano.a(libc_a-fstatr.o)
                0x080120e4                _fstat_r
 .text.asinf    0x08012108       0x58 /Applications/STM32CubeIDE.app/Contents/Eclipse/plugins/com.st.stm32cube.ide.mcu.externaltools.gnu-tools-for-stm32.13.3.rel1.macos64_1.0.0.202411102158/tools/bin/../lib/gcc/arm-none-eabi/13.3.1/../../../../arm-none-eabi/lib/thumb/v8-m.main+fp/hard/libm.a(libm_a-wf_asin.o)
                0x08012108                asinf
 .text.atan2f   0x08012160        0x4 /Applications/STM32CubeIDE.app/Contents/Eclipse/plugins/com.st.stm32cube.ide.mcu.externaltools.gnu-tools-for-stm32.13.3.rel1.macos64_1.0.0.202411102158/tools/bin/../lib/gcc/arm-none-eabi/13.3.1/../../../../arm-none-eabi/lib/thumb/v8-m.main+fp/hard/libm.a(libm_a-wf_atan2.o)
                0x08012160                atan2f
 .text.powf     0x08012164       0xae /Applications/STM32CubeIDE.app/Contents/Eclipse/plugins/com.st.stm32cube.ide.mcu.externaltools.gnu-tools-for-stm32.13.3.rel1.macos64_1.0.0.202411102158/tools/bin/../lib/gcc/arm-none-eabi/13.3.1/../../../../arm-none-eabi/lib/thumb/v8-m.main+fp/hard/libm.a(libm_a-wf_pow.o)
                0x08012164                powf
 .text.finitef  0x08012212       0x14 /Applications/STM32CubeIDE.app/Contents/Eclipse/plugins/com.st.stm32cube.ide.mcu.externaltools.gnu-tools-for-stm32.13.3.rel1.macos64_1.0.0.202411102158/tools/bin/../lib/gcc/arm-none-eabi/13.3.1/../../../../arm-none-eabi/lib/thumb/v8-m.main+fp/hard/libm.a(libm_a-sf_finite.o)
                0x08012212                finitef
 *fill*         0x08012226        0x2 
 .text.cosf     0x08012228       0x88 /Applications/STM32CubeIDE.app/Contents/Eclipse/plugins/com.st.stm32cube.ide.mcu.externaltools.gnu-tools-for-stm32.13.3.rel1.macos64_1.0.0.202411102158/tools/bin/../lib/gcc/arm-none-eabi/13.3.1/../../../../arm-none-eabi/lib/thumb/v8-m.main+fp/hard/libm.a(libm_a-sf_cos.o)
                0x08012228                cosf
 .text.fabsf    0x080122b0        0xe /Applications/STM32CubeIDE.app/Contents/Eclipse/plugins/com.st.stm32cube.ide.mcu.externaltools.gnu-tools-for-stm32.13.3.rel1.macos64_1.0.0.202411102158/tools/bin/../lib/gcc/arm-none-eabi/13.3.1/../../../../arm-none-eabi/lib/thumb/v8-m.main+fp/hard/libm.a(libm_a-sf_fabs.o)
                0x080122b0                fabsf
 *fill*         0x080122be        0x2 
 .text.sinf     0x080122c0       0x8c /Applications/STM32CubeIDE.app/Contents/Eclipse/plugins/com.st.stm32cube.ide.mcu.externaltools.gnu-tools-for-stm32.13.3.rel1.macos64_1.0.0.202411102158/tools/bin/../lib/gcc/arm-none-eabi/13.3.1/../../../../arm-none-eabi/lib/thumb/v8-m.main+fp/hard/libm.a(libm_a-sf_sin.o)
                0x080122c0                sinf
 .text.__kernel_cosf
                0x0801234c       0xb0 /Applications/STM32CubeIDE.app/Contents/Eclipse/plugins/com.st.stm32cube.ide.mcu.externaltools.gnu-tools-for-stm32.13.3.rel1.macos64_1.0.0.202411102158/tools/bin/../lib/gcc/arm-none-eabi/13.3.1/../../../../arm-none-eabi/lib/thumb/v8-m.main+fp/hard/libm.a(libm_a-kf_cos.o)
                0x0801234c                __kernel_cosf
 .text.__kernel_sinf
                0x080123fc       0x90 /Applications/STM32CubeIDE.app/Contents/Eclipse/plugins/com.st.stm32cube.ide.mcu.externaltools.gnu-tools-for-stm32.13.3.rel1.macos64_1.0.0.202411102158/tools/bin/../lib/gcc/arm-none-eabi/13.3.1/../../../../arm-none-eabi/lib/thumb/v8-m.main+fp/hard/libm.a(libm_a-kf_sin.o)
                0x080123fc                __kernel_sinf
 .text.__ieee754_asinf
                0x0801248c      0x1c8 /Applications/STM32CubeIDE.app/Contents/Eclipse/plugins/com.st.stm32cube.ide.mcu.externaltools.gnu-tools-for-stm32.13.3.rel1.macos64_1.0.0.202411102158/tools/bin/../lib/gcc/arm-none-eabi/13.3.1/../../../../arm-none-eabi/lib/thumb/v8-m.main+fp/hard/libm.a(libm_a-ef_asin.o)
                0x0801248c                __ieee754_asinf
 .text.__ieee754_atan2f
                0x08012654      0x13c /Applications/STM32CubeIDE.app/Contents/Eclipse/plugins/com.st.stm32cube.ide.mcu.externaltools.gnu-tools-for-stm32.13.3.rel1.macos64_1.0.0.202411102158/tools/bin/../lib/gcc/arm-none-eabi/13.3.1/../../../../arm-none-eabi/lib/thumb/v8-m.main+fp/hard/libm.a(libm_a-ef_atan2.o)
                0x08012654                __ieee754_atan2f
 .text.__ieee754_sqrtf
                0x08012790        0x6 /Applications/STM32CubeIDE.app/Contents/Eclipse/plugins/com.st.stm32cube.ide.mcu.externaltools.gnu-tools-for-stm32.13.3.rel1.macos64_1.0.0.202411102158/tools/bin/../lib/gcc/arm-none-eabi/13.3.1/../../../../arm-none-eabi/lib/thumb/v8-m.main+fp/hard/libm.a(libm_a-ef_sqrt.o)
                0x08012790                __ieee754_sqrtf
 *fill*         0x08012796        0x2 
 .text.__ieee754_powf
                0x08012798      0x5a0 /Applications/STM32CubeIDE.app/Contents/Eclipse/plugins/com.st.stm32cube.ide.mcu.externaltools.gnu-tools-for-stm32.13.3.rel1.macos64_1.0.0.202411102158/tools/bin/../lib/gcc/arm-none-eabi/13.3.1/../../../../arm-none-eabi/lib/thumb/v8-m.main+fp/hard/libm.a(libm_a-ef_pow.o)
                0x08012798                __ieee754_powf
 .text.__ieee754_rem_pio2f
                0x08012d38      0x25c /Applications/STM32CubeIDE.app/Contents/Eclipse/plugins/com.st.stm32cube.ide.mcu.externaltools.gnu-tools-for-stm32.13.3.rel1.macos64_1.0.0.202411102158/tools/bin/../lib/gcc/arm-none-eabi/13.3.1/../../../../arm-none-eabi/lib/thumb/v8-m.main+fp/hard/libm.a(libm_a-ef_rem_pio2.o)
                0x08012d38                __ieee754_rem_pio2f
 .text.with_errnof
                0x08012f94       0x1c /Applications/STM32CubeIDE.app/Contents/Eclipse/plugins/com.st.stm32cube.ide.mcu.externaltools.gnu-tools-for-stm32.13.3.rel1.macos64_1.0.0.202411102158/tools/bin/../lib/gcc/arm-none-eabi/13.3.1/../../../../arm-none-eabi/lib/thumb/v8-m.main+fp/hard/libm.a(libm_a-math_errf.o)
 .text.xflowf   0x08012fb0       0x16 /Applications/STM32CubeIDE.app/Contents/Eclipse/plugins/com.st.stm32cube.ide.mcu.externaltools.gnu-tools-for-stm32.13.3.rel1.macos64_1.0.0.202411102158/tools/bin/../lib/gcc/arm-none-eabi/13.3.1/../../../../arm-none-eabi/lib/thumb/v8-m.main+fp/hard/libm.a(libm_a-math_errf.o)
 *fill*         0x08012fc6        0x2 
 .text.__math_uflowf
                0x08012fc8        0xc /Applications/STM32CubeIDE.app/Contents/Eclipse/plugins/com.st.stm32cube.ide.mcu.externaltools.gnu-tools-for-stm32.13.3.rel1.macos64_1.0.0.202411102158/tools/bin/../lib/gcc/arm-none-eabi/13.3.1/../../../../arm-none-eabi/lib/thumb/v8-m.main+fp/hard/libm.a(libm_a-math_errf.o)
                0x08012fc8                __math_uflowf
 .text.__math_oflowf
                0x08012fd4        0xc /Applications/STM32CubeIDE.app/Contents/Eclipse/plugins/com.st.stm32cube.ide.mcu.externaltools.gnu-tools-for-stm32.13.3.rel1.macos64_1.0.0.202411102158/tools/bin/../lib/gcc/arm-none-eabi/13.3.1/../../../../arm-none-eabi/lib/thumb/v8-m.main+fp/hard/libm.a(libm_a-math_errf.o)
                0x08012fd4                __math_oflowf