../Core/Src/main.c:201:16:platform_write	48	static
../Core/Src/main.c:221:16:platform_read	48	static
../Core/Src/main.c:242:16:LSM6DSV_Init	16	static
../Core/Src/main.c:398:16:LIS2DW12_Init	16	static
../Core/Src/main.c:459:13:LSM6DSV_ReadData	16	static
../Core/Src/main.c:478:13:LSM6DSV_ReadSFLP	40	static
../Core/Src/main.c:632:13:LIS2DW12_ReadData	16	static
../Core/Src/main.c:650:13:ADXL362_ReadDataWrapper	8	static
../Core/Src/main.c:667:17:Get_Microseconds	4	static
../Core/Src/main.c:677:13:tx_com	16	static
../Core/Src/main.c:685:13:I2C_Scan	144	static
../Core/Src/main.c:749:13:Print_IMU_Data	408	static
../Core/Src/main.c:971:5:__io_putchar	16	static
../Core/Src/main.c:998:5:main	272	static
../Core/Src/main.c:1233:6:SystemClock_Config	128	static
../Core/Src/main.c:1277:13:SystemPower_Config	8	static
../Core/Src/main.c:1301:13:MX_I2C2_Init	8	static
../Core/Src/main.c:1349:13:MX_ICACHE_Init	8	static
../Core/Src/main.c:1381:13:MX_SPI1_Init	24	static
../Core/Src/main.c:1438:13:MX_TIM2_Init	40	static
../Core/Src/main.c:1483:13:MX_USART1_UART_Init	8	static
../Core/Src/main.c:1531:13:MX_GPIO_Init	48	static
../Core/Src/main.c:1608:6:Error_Handler	4	static,ignoring_inline_asm
