../Core/Src/main.c:184:16:platform_write	48	static
../Core/Src/main.c:204:16:platform_read	48	static
../Core/Src/main.c:316:16:LSM6DSOX_Init	16	static
../Core/Src/main.c:525:13:LSM6DSOX_ReadData	16	static
../Core/Src/main.c:563:13:ADXL362_ReadDataWrapper	8	static
../Core/Src/main.c:580:17:Get_Microseconds	4	static
../Core/Src/main.c:590:13:tx_com	16	static
../Core/Src/main.c:598:13:I2C_Scan	144	static
../Core/Src/main.c:662:13:Print_IMU_Data	392	static
../Core/Src/main.c:823:5:__io_putchar	16	static
../Core/Src/main.c:850:5:main	264	static
../Core/Src/main.c:1076:6:SystemClock_Config	128	static
../Core/Src/main.c:1120:13:SystemPower_Config	8	static
../Core/Src/main.c:1144:13:MX_I2C2_Init	8	static
../Core/Src/main.c:1192:13:MX_ICACHE_Init	8	static
../Core/Src/main.c:1224:13:MX_SPI1_Init	24	static
../Core/Src/main.c:1281:13:MX_TIM2_Init	40	static
../Core/Src/main.c:1326:13:MX_USART1_UART_Init	8	static
../Core/Src/main.c:1374:13:MX_GPIO_Init	48	static
../Core/Src/main.c:1451:6:Error_Handler	4	static,ignoring_inline_asm
